[    0.000000] Linux version 5.18.1-1.el7.elrepo.x86_64 (mockbuild@Build64R7) (gcc (GCC) 9.3.1 20200408 (Red Hat 9.3.1-2), GNU ld version 2.32-16.el7) #1 SMP PREEMPT_DYNAMIC Fri May 27 18:15:58 EDT 2022
[    0.000000] Command line: BOOT_IMAGE=/vmlinuz-5.18.1-1.el7.elrepo.x86_64 root=/dev/mapper/centos-root ro crashkernel=auto rd.lvm.lv=centos/root rd.lvm.lv=centos/swap rhgb quiet LANG=en_US.UTF-8
[    0.000000] x86/fpu: x87 FPU will use FXSAVE
[    0.000000] signal: max sigframe size: 1440
[    0.000000] BIOS-provided physical RAM map:
[    0.000000] BIOS-e820: [mem 0x0000000000000000-0x000000000009fbff] usable
[    0.000000] BIOS-e820: [mem 0x000000000009fc00-0x000000000009ffff] reserved
[    0.000000] BIOS-e820: [mem 0x00000000000f0000-0x00000000000fffff] reserved
[    0.000000] BIOS-e820: [mem 0x0000000000100000-0x00000000bffdafff] usable
[    0.000000] BIOS-e820: [mem 0x00000000bffdb000-0x00000000bfffffff] reserved
[    0.000000] BIOS-e820: [mem 0x00000000feffc000-0x00000000feffffff] reserved
[    0.000000] BIOS-e820: [mem 0x00000000fffc0000-0x00000000ffffffff] reserved
[    0.000000] BIOS-e820: [mem 0x0000000100000000-0x000000013fffffff] usable
[    0.000000] NX (Execute Disable) protection: active
[    0.000000] SMBIOS 2.8 present.
[    0.000000] DMI: QEMU Standard PC (i440FX + PIIX, 1996), BIOS rel-1.12.1-0-ga5cab58e9a3f-prebuilt.qemu.org 04/01/2014
[    0.000000] Hypervisor detected: KVM
[    0.000000] kvm-clock: Using msrs 4b564d01 and 4b564d00
[    0.000001] kvm-clock: using sched offset of 3377648590502163 cycles
[    0.000003] clocksource: kvm-clock: mask: 0xffffffffffffffff max_cycles: 0x1cd42e4dffb, max_idle_ns: 881590591483 ns
[    0.000011] tsc: Detected 2599.996 MHz processor
[    0.000600] e820: update [mem 0x00000000-0x00000fff] usable ==> reserved
[    0.000604] e820: remove [mem 0x000a0000-0x000fffff] usable
[    0.000608] last_pfn = 0x140000 max_arch_pfn = 0x400000000
[    0.000640] x86/PAT: Configuration [0-7]: WB  WC  UC- UC  WB  WC  UC- UC  
[    0.000648] last_pfn = 0xbffdb max_arch_pfn = 0x400000000
[    0.011555] found SMP MP-table at [mem 0x000f5ac0-0x000f5acf]
[    0.011800] RAMDISK: [mem 0x354dc000-0x36a65fff]
[    0.011829] ACPI: Early table checksum verification disabled
[    0.011850] ACPI: RSDP 0x00000000000F5880 000014 (v00 BOCHS )
[    0.011861] ACPI: RSDT 0x00000000BFFE1719 000034 (v01 BOCHS  BXPCRSDT 00000001 BXPC 00000001)
[    0.011868] ACPI: FACP 0x00000000BFFE14F3 000074 (v01 BOCHS  BXPCFACP 00000001 BXPC 00000001)
[    0.011882] ACPI: DSDT 0x00000000BFFDF040 0024B3 (v01 BOCHS  BXPCDSDT 00000001 BXPC 00000001)
[    0.011887] ACPI: FACS 0x00000000BFFDF000 000040
[    0.011891] ACPI: APIC 0x00000000BFFE1567 0000B0 (v01 BOCHS  BXPCAPIC 00000001 BXPC 00000001)
[    0.011896] ACPI: SSDT 0x00000000BFFE1617 0000CA (v01 BOCHS  VMGENID  00000001 BXPC 00000001)
[    0.011900] ACPI: HPET 0x00000000BFFE16E1 000038 (v01 BOCHS  BXPCHPET 00000001 BXPC 00000001)
[    0.011903] ACPI: Reserving FACP table memory at [mem 0xbffe14f3-0xbffe1566]
[    0.011905] ACPI: Reserving DSDT table memory at [mem 0xbffdf040-0xbffe14f2]
[    0.011906] ACPI: Reserving FACS table memory at [mem 0xbffdf000-0xbffdf03f]
[    0.011907] ACPI: Reserving APIC table memory at [mem 0xbffe1567-0xbffe1616]
[    0.011908] ACPI: Reserving SSDT table memory at [mem 0xbffe1617-0xbffe16e0]
[    0.011909] ACPI: Reserving HPET table memory at [mem 0xbffe16e1-0xbffe1718]
[    0.012171] No NUMA configuration found
[    0.012173] Faking a node at [mem 0x0000000000000000-0x000000013fffffff]
[    0.012181] NODE_DATA(0) allocated [mem 0x13ffd2000-0x13fffcfff]
[    0.012526] crashkernel: memory value expected
[    0.012567] Zone ranges:
[    0.012573]   DMA      [mem 0x0000000000001000-0x0000000000ffffff]
[    0.012575]   DMA32    [mem 0x0000000001000000-0x00000000ffffffff]
[    0.012577]   Normal   [mem 0x0000000100000000-0x000000013fffffff]
[    0.012578]   Device   empty
[    0.012579] Movable zone start for each node
[    0.012582] Early memory node ranges
[    0.012583]   node   0: [mem 0x0000000000001000-0x000000000009efff]
[    0.012585]   node   0: [mem 0x0000000000100000-0x00000000bffdafff]
[    0.012586]   node   0: [mem 0x0000000100000000-0x000000013fffffff]
[    0.012588] Initmem setup node 0 [mem 0x0000000000001000-0x000000013fffffff]
[    0.012597] On node 0, zone DMA: 1 pages in unavailable ranges
[    0.012697] On node 0, zone DMA: 97 pages in unavailable ranges
[    0.036044] On node 0, zone Normal: 37 pages in unavailable ranges
[    0.036612] ACPI: PM-Timer IO Port: 0x608
[    0.036635] ACPI: LAPIC_NMI (acpi_id[0xff] dfl dfl lint[0x1])
[    0.036676] IOAPIC[0]: apic_id 0, version 17, address 0xfec00000, GSI 0-23
[    0.036681] ACPI: INT_SRC_OVR (bus 0 bus_irq 0 global_irq 2 dfl dfl)
[    0.036683] ACPI: INT_SRC_OVR (bus 0 bus_irq 5 global_irq 5 high level)
[    0.036690] ACPI: INT_SRC_OVR (bus 0 bus_irq 9 global_irq 9 high level)
[    0.036694] ACPI: INT_SRC_OVR (bus 0 bus_irq 10 global_irq 10 high level)
[    0.036696] ACPI: INT_SRC_OVR (bus 0 bus_irq 11 global_irq 11 high level)
[    0.036700] ACPI: Using ACPI (MADT) for SMP configuration information
[    0.036702] ACPI: HPET id: 0x8086a201 base: 0xfed00000
[    0.036709] smpboot: Allowing 8 CPUs, 0 hotplug CPUs
[    0.036747] PM: hibernation: Registered nosave memory: [mem 0x00000000-0x00000fff]
[    0.036750] PM: hibernation: Registered nosave memory: [mem 0x0009f000-0x0009ffff]
[    0.036753] PM: hibernation: Registered nosave memory: [mem 0x000a0000-0x000effff]
[    0.036754] PM: hibernation: Registered nosave memory: [mem 0x000f0000-0x000fffff]
[    0.036755] PM: hibernation: Registered nosave memory: [mem 0xbffdb000-0xbfffffff]
[    0.036756] PM: hibernation: Registered nosave memory: [mem 0xc0000000-0xfeffbfff]
[    0.036757] PM: hibernation: Registered nosave memory: [mem 0xfeffc000-0xfeffffff]
[    0.036758] PM: hibernation: Registered nosave memory: [mem 0xff000000-0xfffbffff]
[    0.036759] PM: hibernation: Registered nosave memory: [mem 0xfffc0000-0xffffffff]
[    0.036761] [mem 0xc0000000-0xfeffbfff] available for PCI devices
[    0.036762] Booting paravirtualized kernel on KVM
[    0.036765] clocksource: refined-jiffies: mask: 0xffffffff max_cycles: 0xffffffff, max_idle_ns: 1910969940391419 ns
[    0.036774] setup_percpu: NR_CPUS:8192 nr_cpumask_bits:8 nr_cpu_ids:8 nr_node_ids:1
[    0.037236] percpu: Embedded 56 pages/cpu s188520 r8192 d32664 u262144
[    0.037241] pcpu-alloc: s188520 r8192 d32664 u262144 alloc=1*2097152
[    0.037244] pcpu-alloc: [0] 0 1 2 3 4 5 6 7 
[    0.037275] kvm-guest: PV spinlocks enabled
[    0.037278] PV qspinlock hash table entries: 256 (order: 0, 4096 bytes, linear)
[    0.037288] Fallback order for Node 0: 0 
[    0.037293] Built 1 zonelists, mobility grouping on.  Total pages: 1031899
[    0.037294] Policy zone: Normal
[    0.037295] Kernel command line: BOOT_IMAGE=/vmlinuz-5.18.1-1.el7.elrepo.x86_64 root=/dev/mapper/centos-root ro crashkernel=auto rd.lvm.lv=centos/root rd.lvm.lv=centos/swap rhgb quiet LANG=en_US.UTF-8
[    0.037512] Unknown kernel command line parameters "rhgb BOOT_IMAGE=/vmlinuz-5.18.1-1.el7.elrepo.x86_64 LANG=en_US.UTF-8", will be passed to user space.
[    0.039569] Dentry cache hash table entries: 524288 (order: 10, 4194304 bytes, linear)
[    0.040624] Inode-cache hash table entries: 262144 (order: 9, 2097152 bytes, linear)
[    0.040801] mem auto-init: stack:off, heap alloc:off, heap free:off
[    0.137150] Memory: 3997980K/4193764K available (14342K kernel code, 4222K rwdata, 4784K rodata, 2476K init, 3412K bss, 195524K reserved, 0K cma-reserved)
[    0.137244] SLUB: HWalign=64, Order=0-3, MinObjects=0, CPUs=8, Nodes=1
[    0.137265] Kernel/User page tables isolation: enabled
[    0.137296] ftrace: allocating 43314 entries in 170 pages
[    0.146421] ftrace: allocated 170 pages with 4 groups
[    0.147179] Dynamic Preempt: voluntary
[    0.147266] rcu: Preemptible hierarchical RCU implementation.
[    0.147267] rcu: 	RCU restricting CPUs from NR_CPUS=8192 to nr_cpu_ids=8.
[    0.147269] 	Trampoline variant of Tasks RCU enabled.
[    0.147269] 	Rude variant of Tasks RCU enabled.
[    0.147270] 	Tracing variant of Tasks RCU enabled.
[    0.147271] rcu: RCU calculated value of scheduler-enlistment delay is 100 jiffies.
[    0.147272] rcu: Adjusting geometry for rcu_fanout_leaf=16, nr_cpu_ids=8
[    0.151305] NR_IRQS: 524544, nr_irqs: 488, preallocated irqs: 16
[    0.166916] Console: colour VGA+ 80x25
[    0.166927] printk: console [tty0] enabled
[    0.166962] ACPI: Core revision 20211217
[    0.167165] clocksource: hpet: mask: 0xffffffff max_cycles: 0xffffffff, max_idle_ns: 19112604467 ns
[    0.167277] APIC: Switch to symmetric I/O mode setup
[    0.167548] x2apic enabled
[    0.167848] Switched APIC routing to physical x2apic.
[    0.169057] ..TIMER: vector=0x30 apic1=0 pin1=2 apic2=-1 pin2=-1
[    0.169089] clocksource: tsc-early: mask: 0xffffffffffffffff max_cycles: 0x257a386c905, max_idle_ns: 440795250529 ns
[    0.169101] Calibrating delay loop (skipped) preset value.. 5199.99 BogoMIPS (lpj=2599996)
[    0.169104] pid_max: default: 32768 minimum: 301
[    0.169124] LSM: Security Framework initializing
[    0.169131] SELinux:  Initializing.
[    0.169246] Mount-cache hash table entries: 8192 (order: 4, 65536 bytes, linear)
[    0.170110] Mountpoint-cache hash table entries: 8192 (order: 4, 65536 bytes, linear)
[    0.170564] Last level iTLB entries: 4KB 0, 2MB 0, 4MB 0
[    0.170566] Last level dTLB entries: 4KB 0, 2MB 0, 4MB 0, 1GB 0
[    0.170570] Spectre V1 : Mitigation: usercopy/swapgs barriers and __user pointer sanitization
[    0.170572] Spectre V2 : Mitigation: Retpolines
[    0.170573] Spectre V2 : Spectre v2 / SpectreRSB mitigation: Filling RSB on context switch
[    0.170574] Speculative Store Bypass: Vulnerable
[    0.170577] MDS: Vulnerable: Clear CPU buffers attempted, no microcode
[    0.172989] Freeing SMP alternatives memory: 36K
[    0.275246] smpboot: CPU0: Intel Common KVM processor (family: 0xf, model: 0x6, stepping: 0x1)
[    0.275622] cblist_init_generic: Setting adjustable number of callback queues.
[    0.275625] cblist_init_generic: Setting shift to 3 and lim to 1.
[    0.275679] cblist_init_generic: Setting shift to 3 and lim to 1.
[    0.275729] cblist_init_generic: Setting shift to 3 and lim to 1.
[    0.275765] Performance Events: unsupported Netburst CPU model 6 no PMU driver, software events only.
[    0.275849] rcu: Hierarchical SRCU implementation.
[    0.276219] NMI watchdog: Perf NMI watchdog permanently disabled
[    0.276499] smp: Bringing up secondary CPUs ...
[    0.276745] x86: Booting SMP configuration:
[    0.276747] .... node  #0, CPUs:      #1 #2 #3 #4
[    0.017589] smpboot: CPU 4 Converting physical 0 to logical die 1
[    0.326372]  #5 #6 #7
[    0.363205] smp: Brought up 1 node, 8 CPUs
[    0.363209] smpboot: Max logical packages: 2
[    0.363211] smpboot: Total of 8 processors activated (41599.93 BogoMIPS)
[    0.364474] devtmpfs: initialized
[    0.364474] x86/mm: Memory block size: 128MB
[    0.365315] clocksource: jiffies: mask: 0xffffffff max_cycles: 0xffffffff, max_idle_ns: 1911260446275000 ns
[    0.365315] futex hash table entries: 2048 (order: 5, 131072 bytes, linear)
[    0.365395] pinctrl core: initialized pinctrl subsystem
[    0.366183] NET: Registered PF_NETLINK/PF_ROUTE protocol family
[    0.366292] audit: initializing netlink subsys (disabled)
[    0.366343] audit: type=2000 audit(1653897722.290:1): state=initialized audit_enabled=0 res=1
[    0.366343] thermal_sys: Registered thermal governor 'fair_share'
[    0.366343] thermal_sys: Registered thermal governor 'bang_bang'
[    0.366343] thermal_sys: Registered thermal governor 'step_wise'
[    0.366343] thermal_sys: Registered thermal governor 'user_space'
[    0.366348] cpuidle: using governor menu
[    0.366348] acpiphp: ACPI Hot Plug PCI Controller Driver version: 0.5
[    0.371139] PCI: Using configuration type 1 for base access
[    0.372657] kprobes: kprobe jump-optimization is enabled. All kprobes are optimized if possible.
[    0.373260] HugeTLB registered 2.00 MiB page size, pre-allocated 0 pages
[    0.374353] ACPI: Added _OSI(Module Device)
[    0.374355] ACPI: Added _OSI(Processor Device)
[    0.374356] ACPI: Added _OSI(3.0 _SCP Extensions)
[    0.374357] ACPI: Added _OSI(Processor Aggregator Device)
[    0.374358] ACPI: Added _OSI(Linux-Dell-Video)
[    0.374359] ACPI: Added _OSI(Linux-Lenovo-NV-HDMI-Audio)
[    0.374362] ACPI: Added _OSI(Linux-HPI-Hybrid-Graphics)
[    0.374560] ACPI: 2 ACPI AML tables successfully acquired and loaded
[    0.375315] ACPI: Interpreter enabled
[    0.375328] ACPI: PM: (supports S0 S3 S4 S5)
[    0.375329] ACPI: Using IOAPIC for interrupt routing
[    0.375350] PCI: Using host bridge windows from ACPI; if necessary, use "pci=nocrs" and report a bug
[    0.375510] ACPI: Enabled 3 GPEs in block 00 to 0F
[    0.380100] ACPI: PCI Root Bridge [PCI0] (domain 0000 [bus 00-ff])
[    0.380100] acpi PNP0A03:00: _OSC: OS supports [ASPM ClockPM Segments MSI HPX-Type3]
[    0.380100] acpi PNP0A03:00: _OSC: not requesting OS control; OS requires [ExtendedConfig ASPM ClockPM MSI]
[    0.380100] acpi PNP0A03:00: fail to add MMCONFIG information, can't access extended PCI configuration space under this bridge.
[    0.380110] acpiphp: Slot [3] registered
[    0.380127] acpiphp: Slot [4] registered
[    0.380142] acpiphp: Slot [5] registered
[    0.380158] acpiphp: Slot [6] registered
[    0.380172] acpiphp: Slot [7] registered
[    0.380195] acpiphp: Slot [8] registered
[    0.380211] acpiphp: Slot [9] registered
[    0.380226] acpiphp: Slot [10] registered
[    0.380247] acpiphp: Slot [11] registered
[    0.380263] acpiphp: Slot [12] registered
[    0.380285] acpiphp: Slot [13] registered
[    0.380308] acpiphp: Slot [14] registered
[    0.380333] acpiphp: Slot [15] registered
[    0.380348] acpiphp: Slot [16] registered
[    0.380363] acpiphp: Slot [17] registered
[    0.380378] acpiphp: Slot [18] registered
[    0.380393] acpiphp: Slot [19] registered
[    0.380407] acpiphp: Slot [20] registered
[    0.380427] acpiphp: Slot [21] registered
[    0.380443] acpiphp: Slot [22] registered
[    0.380464] acpiphp: Slot [23] registered
[    0.380479] acpiphp: Slot [24] registered
[    0.380494] acpiphp: Slot [25] registered
[    0.380509] acpiphp: Slot [26] registered
[    0.380529] acpiphp: Slot [27] registered
[    0.380545] acpiphp: Slot [28] registered
[    0.380560] acpiphp: Slot [29] registered
[    0.380588] PCI host bridge to bus 0000:00
[    0.380590] pci_bus 0000:00: root bus resource [io  0x0000-0x0cf7 window]
[    0.380595] pci_bus 0000:00: root bus resource [io  0x0d00-0xffff window]
[    0.380597] pci_bus 0000:00: root bus resource [mem 0x000a0000-0x000bffff window]
[    0.380598] pci_bus 0000:00: root bus resource [mem 0xc0000000-0xfebfffff window]
[    0.380600] pci_bus 0000:00: root bus resource [mem 0x140000000-0x1bfffffff window]
[    0.380602] pci_bus 0000:00: root bus resource [bus 00-ff]
[    0.380637] pci 0000:00:00.0: [8086:1237] type 00 class 0x060000
[    0.380960] pci 0000:00:01.0: [8086:7000] type 00 class 0x060100
[    0.382100] pci 0000:00:01.1: [8086:7010] type 00 class 0x010180
[    0.383530] pci 0000:00:01.1: reg 0x20: [io  0xe080-0xe08f]
[    0.384339] pci 0000:00:01.1: legacy IDE quirk: reg 0x10: [io  0x01f0-0x01f7]
[    0.384342] pci 0000:00:01.1: legacy IDE quirk: reg 0x14: [io  0x03f6]
[    0.384343] pci 0000:00:01.1: legacy IDE quirk: reg 0x18: [io  0x0170-0x0177]
[    0.384344] pci 0000:00:01.1: legacy IDE quirk: reg 0x1c: [io  0x0376]
[    0.384458] pci 0000:00:01.2: [8086:7020] type 00 class 0x0c0300
[    0.386563] pci 0000:00:01.2: reg 0x20: [io  0xe040-0xe05f]
[    0.388337] pci 0000:00:01.3: [8086:7113] type 00 class 0x068000
[    0.388624] pci 0000:00:01.3: quirk: [io  0x0600-0x063f] claimed by PIIX4 ACPI
[    0.388632] pci 0000:00:01.3: quirk: [io  0x0700-0x070f] claimed by PIIX4 SMB
[    0.388824] pci 0000:00:02.0: [1234:1111] type 00 class 0x030000
[    0.396131] pci 0000:00:02.0: reg 0x10: [mem 0xfd000000-0xfdffffff pref]
[    0.398685] pci 0000:00:02.0: reg 0x18: [mem 0xfea50000-0xfea50fff]
[    0.403131] pci 0000:00:02.0: reg 0x30: [mem 0xfea40000-0xfea4ffff pref]
[    0.403292] pci 0000:00:02.0: Video device with shadowed ROM at [mem 0x000c0000-0x000dffff]
[    0.403736] pci 0000:00:05.0: [1af4:1004] type 00 class 0x010000
[    0.405100] pci 0000:00:05.0: reg 0x10: [io  0xe000-0xe03f]
[    0.407602] pci 0000:00:05.0: reg 0x14: [mem 0xfea51000-0xfea51fff]
[    0.410099] pci 0000:00:05.0: reg 0x20: [mem 0xfe400000-0xfe403fff 64bit pref]
[    0.411622] pci 0000:00:12.0: [1af4:1000] type 00 class 0x020000
[    0.412562] pci 0000:00:12.0: reg 0x10: [io  0xe060-0xe07f]
[    0.413699] pci 0000:00:12.0: reg 0x14: [mem 0xfea52000-0xfea52fff]
[    0.417100] pci 0000:00:12.0: reg 0x20: [mem 0xfe404000-0xfe407fff 64bit pref]
[    0.419493] pci 0000:00:12.0: reg 0x30: [mem 0xfea00000-0xfea3ffff pref]
[    0.420479] pci 0000:00:1e.0: [1b36:0001] type 01 class 0x060400
[    0.421406] pci 0000:00:1e.0: reg 0x10: [mem 0xfea53000-0xfea530ff 64bit]
[    0.422663] pci 0000:00:1f.0: [1b36:0001] type 01 class 0x060400
[    0.423689] pci 0000:00:1f.0: reg 0x10: [mem 0xfea54000-0xfea540ff 64bit]
[    0.425217] pci_bus 0000:01: extended config space not accessible
[    0.425516] acpiphp: Slot [0] registered
[    0.425539] acpiphp: Slot [1] registered
[    0.425553] acpiphp: Slot [2] registered
[    0.425575] acpiphp: Slot [3-2] registered
[    0.425599] acpiphp: Slot [4-2] registered
[    0.425628] acpiphp: Slot [5-2] registered
[    0.425653] acpiphp: Slot [6-2] registered
[    0.425685] acpiphp: Slot [7-2] registered
[    0.425704] acpiphp: Slot [8-2] registered
[    0.425721] acpiphp: Slot [9-2] registered
[    0.425741] acpiphp: Slot [10-2] registered
[    0.425758] acpiphp: Slot [11-2] registered
[    0.425775] acpiphp: Slot [12-2] registered
[    0.425797] acpiphp: Slot [13-2] registered
[    0.425815] acpiphp: Slot [14-2] registered
[    0.425831] acpiphp: Slot [15-2] registered
[    0.425847] acpiphp: Slot [16-2] registered
[    0.425864] acpiphp: Slot [17-2] registered
[    0.425880] acpiphp: Slot [18-2] registered
[    0.425902] acpiphp: Slot [19-2] registered
[    0.425921] acpiphp: Slot [20-2] registered
[    0.425938] acpiphp: Slot [21-2] registered
[    0.425954] acpiphp: Slot [22-2] registered
[    0.425971] acpiphp: Slot [23-2] registered
[    0.425987] acpiphp: Slot [24-2] registered
[    0.426003] acpiphp: Slot [25-2] registered
[    0.426025] acpiphp: Slot [26-2] registered
[    0.426042] acpiphp: Slot [27-2] registered
[    0.426115] acpiphp: Slot [28-2] registered
[    0.426134] acpiphp: Slot [29-2] registered
[    0.426148] acpiphp: Slot [30] registered
[    0.426165] acpiphp: Slot [31] registered
[    0.426325] pci 0000:00:1e.0: PCI bridge to [bus 01]
[    0.426340] pci 0000:00:1e.0:   bridge window [io  0xd000-0xdfff]
[    0.426352] pci 0000:00:1e.0:   bridge window [mem 0xfe800000-0xfe9fffff]
[    0.426373] pci 0000:00:1e.0:   bridge window [mem 0xfe200000-0xfe3fffff 64bit pref]
[    0.426906] pci_bus 0000:02: extended config space not accessible
[    0.427138] acpiphp: Slot [0-2] registered
[    0.427159] acpiphp: Slot [1-2] registered
[    0.427176] acpiphp: Slot [2-2] registered
[    0.427192] acpiphp: Slot [3-3] registered
[    0.427222] acpiphp: Slot [4-3] registered
[    0.427242] acpiphp: Slot [5-3] registered
[    0.427259] acpiphp: Slot [6-3] registered
[    0.427276] acpiphp: Slot [7-3] registered
[    0.427292] acpiphp: Slot [8-3] registered
[    0.427309] acpiphp: Slot [9-3] registered
[    0.427334] acpiphp: Slot [10-3] registered
[    0.427352] acpiphp: Slot [11-3] registered
[    0.427369] acpiphp: Slot [12-3] registered
[    0.427386] acpiphp: Slot [13-3] registered
[    0.427403] acpiphp: Slot [14-3] registered
[    0.427420] acpiphp: Slot [15-3] registered
[    0.427454] acpiphp: Slot [16-3] registered
[    0.427475] acpiphp: Slot [17-3] registered
[    0.427492] acpiphp: Slot [18-3] registered
[    0.427512] acpiphp: Slot [19-3] registered
[    0.427530] acpiphp: Slot [20-3] registered
[    0.427547] acpiphp: Slot [21-3] registered
[    0.427564] acpiphp: Slot [22-3] registered
[    0.427586] acpiphp: Slot [23-3] registered
[    0.427605] acpiphp: Slot [24-3] registered
[    0.427622] acpiphp: Slot [25-3] registered
[    0.427643] acpiphp: Slot [26-3] registered
[    0.427672] acpiphp: Slot [27-3] registered
[    0.427714] acpiphp: Slot [28-3] registered
[    0.427751] acpiphp: Slot [29-3] registered
[    0.427771] acpiphp: Slot [30-2] registered
[    0.427788] acpiphp: Slot [31-2] registered
[    0.427945] pci 0000:00:1f.0: PCI bridge to [bus 02]
[    0.427957] pci 0000:00:1f.0:   bridge window [io  0xc000-0xcfff]
[    0.427969] pci 0000:00:1f.0:   bridge window [mem 0xfe600000-0xfe7fffff]
[    0.427989] pci 0000:00:1f.0:   bridge window [mem 0xfe000000-0xfe1fffff 64bit pref]
[    0.430253] ACPI: PCI: Interrupt link LNKA configured for IRQ 10
[    0.430347] ACPI: PCI: Interrupt link LNKB configured for IRQ 10
[    0.430412] ACPI: PCI: Interrupt link LNKC configured for IRQ 11
[    0.430478] ACPI: PCI: Interrupt link LNKD configured for IRQ 11
[    0.430513] ACPI: PCI: Interrupt link LNKS configured for IRQ 9
[    0.431564] iommu: Default domain type: Translated 
[    0.431564] iommu: DMA domain TLB invalidation policy: lazy mode 
[    0.432100] SCSI subsystem initialized
[    0.432100] ACPI: bus type USB registered
[    0.432100] usbcore: registered new interface driver usbfs
[    0.432100] usbcore: registered new interface driver hub
[    0.432100] usbcore: registered new device driver usb
[    0.432156] EDAC MC: Ver: 3.0.0
[    0.432452] NetLabel: Initializing
[    0.432456] NetLabel:  domain hash size = 128
[    0.432457] NetLabel:  protocols = UNLABELED CIPSOv4 CALIPSO
[    0.432474] NetLabel:  unlabeled traffic allowed by default
[    0.433098] PCI: Using ACPI for IRQ routing
[    0.433112] PCI: pci_cache_line_size set to 64 bytes
[    0.433261] e820: reserve RAM buffer [mem 0x0009fc00-0x0009ffff]
[    0.433266] e820: reserve RAM buffer [mem 0xbffdb000-0xbfffffff]
[    0.433399] pci 0000:00:02.0: vgaarb: setting as boot VGA device
[    0.433401] pci 0000:00:02.0: vgaarb: bridge control possible
[    0.433403] pci 0000:00:02.0: vgaarb: VGA device added: decodes=io+mem,owns=io+mem,locks=none
[    0.433405] vgaarb: loaded
[    0.433407] hpet: 3 channels of 0 reserved for per-cpu timers
[    0.433407] hpet0: at MMIO 0xfed00000, IRQs 2, 8, 0
[    0.433407] hpet0: 3 comparators, 64-bit 100.000000 MHz counter
[    0.437098] clocksource: Switched to clocksource kvm-clock
[    0.451709] VFS: Disk quotas dquot_6.6.0
[    0.451743] VFS: Dquot-cache hash table entries: 512 (order 0, 4096 bytes)
[    0.451846] pnp: PnP ACPI init
[    0.451963] pnp 00:03: [dma 2]
[    0.452228] pnp: PnP ACPI: found 4 devices
[    0.458306] clocksource: acpi_pm: mask: 0xffffff max_cycles: 0xffffff, max_idle_ns: 2085701024 ns
[    0.458411] NET: Registered PF_INET protocol family
[    0.458777] IP idents hash table entries: 65536 (order: 7, 524288 bytes, linear)
[    0.459838] tcp_listen_portaddr_hash hash table entries: 2048 (order: 3, 32768 bytes, linear)
[    0.459863] TCP established hash table entries: 32768 (order: 6, 262144 bytes, linear)
[    0.460051] TCP bind hash table entries: 32768 (order: 7, 524288 bytes, linear)
[    0.460390] TCP: Hash tables configured (established 32768 bind 32768)
[    0.460532] UDP hash table entries: 2048 (order: 4, 65536 bytes, linear)
[    0.460574] UDP-Lite hash table entries: 2048 (order: 4, 65536 bytes, linear)
[    0.460668] NET: Registered PF_UNIX/PF_LOCAL protocol family
[    0.460680] NET: Registered PF_XDP protocol family
[    0.460692] pci 0000:00:1e.0: PCI bridge to [bus 01]
[    0.460708] pci 0000:00:1e.0:   bridge window [io  0xd000-0xdfff]
[    0.461501] pci 0000:00:1e.0:   bridge window [mem 0xfe800000-0xfe9fffff]
[    0.461933] pci 0000:00:1e.0:   bridge window [mem 0xfe200000-0xfe3fffff 64bit pref]
[    0.462859] pci 0000:00:1f.0: PCI bridge to [bus 02]
[    0.462869] pci 0000:00:1f.0:   bridge window [io  0xc000-0xcfff]
[    0.463561] pci 0000:00:1f.0:   bridge window [mem 0xfe600000-0xfe7fffff]
[    0.463982] pci 0000:00:1f.0:   bridge window [mem 0xfe000000-0xfe1fffff 64bit pref]
[    0.464842] pci_bus 0000:00: resource 4 [io  0x0000-0x0cf7 window]
[    0.464845] pci_bus 0000:00: resource 5 [io  0x0d00-0xffff window]
[    0.464847] pci_bus 0000:00: resource 6 [mem 0x000a0000-0x000bffff window]
[    0.464848] pci_bus 0000:00: resource 7 [mem 0xc0000000-0xfebfffff window]
[    0.464850] pci_bus 0000:00: resource 8 [mem 0x140000000-0x1bfffffff window]
[    0.464851] pci_bus 0000:01: resource 0 [io  0xd000-0xdfff]
[    0.464853] pci_bus 0000:01: resource 1 [mem 0xfe800000-0xfe9fffff]
[    0.464854] pci_bus 0000:01: resource 2 [mem 0xfe200000-0xfe3fffff 64bit pref]
[    0.464855] pci_bus 0000:02: resource 0 [io  0xc000-0xcfff]
[    0.464857] pci_bus 0000:02: resource 1 [mem 0xfe600000-0xfe7fffff]
[    0.464858] pci_bus 0000:02: resource 2 [mem 0xfe000000-0xfe1fffff 64bit pref]
[    0.464917] pci 0000:00:01.0: PIIX3: Enabling Passive Release
[    0.464929] pci 0000:00:00.0: Limiting direct PCI/PCI transfers
[    0.464942] pci 0000:00:01.0: Activating ISA DMA hang workarounds
[    0.480170] ACPI: \_SB_.LNKD: Enabled at IRQ 11
[    0.495148] pci 0000:00:01.2: quirk_usb_early_handoff+0x0/0x640 took 29482 usecs
[    0.495227] PCI: CLS 0 bytes, default 64
[    0.495251] PCI-DMA: Using software bounce buffering for IO (SWIOTLB)
[    0.495252] software IO TLB: mapped [mem 0x00000000bbfdb000-0x00000000bffdb000] (64MB)
[    0.495325] clocksource: tsc: mask: 0xffffffffffffffff max_cycles: 0x257a386c905, max_idle_ns: 440795250529 ns
[    0.495426] Trying to unpack rootfs image as initramfs...
[    0.503284] Initialise system trusted keyrings
[    0.503406] workingset: timestamp_bits=36 max_order=20 bucket_order=0
[    0.505080] zbud: loaded
[    0.515325] NET: Registered PF_ALG protocol family
[    0.515333] Key type asymmetric registered
[    0.515336] Asymmetric key parser 'x509' registered
[    0.515363] Block layer SCSI generic (bsg) driver version 0.4 loaded (major 247)
[    0.515489] io scheduler mq-deadline registered
[    0.515491] io scheduler kyber registered
[    0.515540] io scheduler bfq registered
[    0.517418] input: Power Button as /devices/LNXSYSTM:00/LNXPWRBN:00/input/input0
[    0.517458] ACPI: button: Power Button [PWRF]
[    0.517952] Serial: 8250/16550 driver, 4 ports, IRQ sharing enabled
[    0.518405] Non-volatile memory driver v1.3
[    0.518407] Linux agpgart interface v0.103
[    0.519462] rdac: device handler registered
[    0.519556] hp_sw: device handler registered
[    0.519558] emc: device handler registered
[    0.519679] alua: device handler registered
[    0.519948] ehci_hcd: USB 2.0 'Enhanced' Host Controller (EHCI) Driver
[    0.519951] ehci-pci: EHCI PCI platform driver
[    0.519964] ohci_hcd: USB 1.1 'Open' Host Controller (OHCI) Driver
[    0.519966] ohci-pci: OHCI PCI platform driver
[    0.519981] uhci_hcd: USB Universal Host Controller Interface driver
[    0.536135] uhci_hcd 0000:00:01.2: UHCI Host Controller
[    0.536175] uhci_hcd 0000:00:01.2: new USB bus registered, assigned bus number 1
[    0.536197] uhci_hcd 0000:00:01.2: detected 2 ports
[    0.536321] uhci_hcd 0000:00:01.2: irq 11, io port 0x0000e040
[    0.536457] usb usb1: New USB device found, idVendor=1d6b, idProduct=0001, bcdDevice= 5.18
[    0.536461] usb usb1: New USB device strings: Mfr=3, Product=2, SerialNumber=1
[    0.536466] usb usb1: Product: UHCI Host Controller
[    0.536468] usb usb1: Manufacturer: Linux 5.18.1-1.el7.elrepo.x86_64 uhci_hcd
[    0.536469] usb usb1: SerialNumber: 0000:00:01.2
[    0.536546] hub 1-0:1.0: USB hub found
[    0.536551] hub 1-0:1.0: 2 ports detected
[    0.536704] usbcore: registered new interface driver usbserial_generic
[    0.536712] usbserial: USB Serial support registered for generic
[    0.536737] i8042: PNP: PS/2 Controller [PNP0303:KBD,PNP0f13:MOU] at 0x60,0x64 irq 1,12
[    0.537590] serio: i8042 KBD port at 0x60,0x64 irq 1
[    0.537596] serio: i8042 AUX port at 0x60,0x64 irq 12
[    0.537688] mousedev: PS/2 mouse device common for all mice
[    0.537875] rtc_cmos 00:00: RTC can wake from S4
[    0.538356] input: AT Translated Set 2 keyboard as /devices/platform/i8042/serio0/input/input1
[    0.538945] rtc_cmos 00:00: registered as rtc0
[    0.539229] input: VirtualPS/2 VMware VMMouse as /devices/platform/i8042/serio1/input/input4
[    0.539394] rtc_cmos 00:00: setting system clock to 2022-05-30T08:02:01 UTC (1653897721)
[    0.539512] rtc_cmos 00:00: alarms up to one day, y3k, 114 bytes nvram, hpet irqs
[    0.539523] intel_pstate: CPU model not supported
[    0.539613] input: VirtualPS/2 VMware VMMouse as /devices/platform/i8042/serio1/input/input3
[    0.539791] hid: raw HID events driver (C) Jiri Kosina
[    0.539888] usbcore: registered new interface driver usbhid
[    0.539890] usbhid: USB HID core driver
[    0.540001] drop_monitor: Initializing network drop monitor service
[    0.540085] Initializing XFRM netlink socket
[    0.540257] NET: Registered PF_INET6 protocol family
[    0.540979] Segment Routing with IPv6
[    0.540987] In-situ OAM (IOAM) with IPv6
[    0.541002] NET: Registered PF_PACKET protocol family
[    0.541021] bridge: filtering via arp/ip/ip6tables is no longer available by default. Update your scripts to load br_netfilter if you need this.
[    0.541894] IPI shorthand broadcast: enabled
[    0.541906] sched_clock: Marking stable (525239224, 16589442)->(569215267, -27386601)
[    0.542428] registered taskstats version 1
[    0.542439] Loading compiled-in X.509 certificates
[    0.573447] Loaded X.509 cert 'Build time autogenerated kernel key: 2ef5ab732e9135f43072f454a70c6da0ea09266e'
[    0.573771] zswap: loaded using pool lzo/zbud
[    0.761155] usb 1-1: new full-speed USB device number 2 using uhci_hcd
[    0.827848] Freeing initrd memory: 22056K
[    0.831217] Key type encrypted registered
[    0.831239] ima: No TPM chip found, activating TPM-bypass!
[    0.831249] ima: Allocated hash algorithm: sha512
[    0.831262] ima: No architecture policies found
[    0.831273] evm: Initialising EVM extended attributes:
[    0.831274] evm: security.selinux
[    0.831276] evm: security.SMACK64 (disabled)
[    0.831276] evm: security.SMACK64EXEC (disabled)
[    0.831277] evm: security.SMACK64TRANSMUTE (disabled)
[    0.831278] evm: security.SMACK64MMAP (disabled)
[    0.831279] evm: security.apparmor (disabled)
[    0.831279] evm: security.ima
[    0.831280] evm: security.capability
[    0.831281] evm: HMAC attrs: 0x1
[    0.847374] Freeing unused kernel image (initmem) memory: 2476K
[    0.852192] Write protecting the kernel read-only data: 22528k
[    0.853601] Freeing unused kernel image (text/rodata gap) memory: 2040K
[    0.854456] Freeing unused kernel image (rodata/data gap) memory: 1360K
[    0.854534] Run /init as init process
[    0.854536]   with arguments:
[    0.854537]     /init
[    0.854538]     rhgb
[    0.854539]   with environment:
[    0.854539]     HOME=/
[    0.854540]     TERM=linux
[    0.854541]     BOOT_IMAGE=/vmlinuz-5.18.1-1.el7.elrepo.x86_64
[    0.854542]     LANG=en_US.UTF-8
[    0.931537] usb 1-1: New USB device found, idVendor=0627, idProduct=0001, bcdDevice= 0.00
[    0.931547] usb 1-1: New USB device strings: Mfr=1, Product=3, SerialNumber=10
[    0.931549] usb 1-1: Product: QEMU USB Tablet
[    0.931551] usb 1-1: Manufacturer: QEMU
[    0.931552] usb 1-1: SerialNumber: 28754-0000:00:01.2-1
[    0.940108] input: QEMU QEMU USB Tablet as /devices/pci0000:00/0000:00:01.2/usb1/1-1/1-1:1.0/0003:0627:0001.0001/input/input5
[    0.940173] hid-generic 0003:0627:0001.0001: input,hidraw0: USB HID v0.01 Mouse [QEMU QEMU USB Tablet] on usb-0000:00:01.2-1/input0
[    1.361122] random: crng init done
[    1.371465] systemd[1]: systemd 219 running in system mode. (+PAM +AUDIT +SELINUX +IMA -APPARMOR +SMACK +SYSVINIT +UTMP +LIBCRYPTSETUP +GCRYPT +GNUTLS +ACL +XZ +LZ4 -SECCOMP +BLKID +ELFUTILS +KMOD +IDN)
[    1.371522] systemd[1]: Detected virtualization kvm.
[    1.371532] systemd[1]: Detected architecture x86-64.
[    1.371538] systemd[1]: Running in initial RAM disk.
[    1.371629] systemd[1]: Set hostname to <master>.
[    1.418481] systemd[1]: Reached target Local File Systems.
[    1.418540] systemd[1]: Reached target Swap.
[    1.419037] systemd[1]: Created slice Root Slice.
[    1.419142] systemd[1]: Listening on Journal Socket.
[    1.419211] systemd[1]: Listening on udev Control Socket.
[    1.543712] dm_mod: module verification failed: signature and/or required key missing - tainting kernel
[    1.546128] device-mapper: core: CONFIG_IMA_DISABLE_HTABLE is disabled. Duplicate IMA measurements will not be recorded in the IMA log.
[    1.546158] device-mapper: uevent: version 1.0.3
[    1.546250] device-mapper: ioctl: 4.46.0-ioctl (2022-02-22) initialised: dm-devel@redhat.com
[    1.630146] libata version 3.00 loaded.
[    1.630955] ata_piix 0000:00:01.1: version 2.13
[    1.632368] scsi host0: ata_piix
[    1.632687] scsi host1: ata_piix
[    1.632714] ata1: PATA max MWDMA2 cmd 0x1f0 ctl 0x3f6 bmdma 0xe080 irq 14
[    1.632716] ata2: PATA max MWDMA2 cmd 0x170 ctl 0x376 bmdma 0xe088 irq 15
[    1.641196] ACPI: \_SB_.LNKA: Enabled at IRQ 10
[    1.658057] ACPI: \_SB_.LNKB: Enabled at IRQ 10
[    1.791450] ata2: found unknown device (class 0)
[    1.791971] ata2.00: ATAPI: QEMU DVD-ROM, 2.5+, max UDMA/100
[    1.793042] scsi 1:0:0:0: CD-ROM            QEMU     QEMU DVD-ROM     2.5+ PQ: 0 ANSI: 5
[    1.799843] scsi host2: Virtio SCSI HBA
[    1.800643] scsi 2:0:0:0: Direct-Access     QEMU     QEMU HARDDISK    2.5+ PQ: 0 ANSI: 5
[    1.806072] sr 1:0:0:0: [sr0] scsi3-mmc drive: 4x/4x cd/rw xa/form2 tray
[    1.806079] cdrom: Uniform CD-ROM driver Revision: 3.20
[    1.836063] sr 1:0:0:0: Attached scsi CD-ROM sr0
[    1.836424] sd 2:0:0:0: Power-on or device reset occurred
[    1.836761] sd 2:0:0:0: [sda] 125829120 512-byte logical blocks: (64.4 GB/60.0 GiB)
[    1.836795] sd 2:0:0:0: [sda] Write Protect is off
[    1.836797] sd 2:0:0:0: [sda] Mode Sense: 63 00 00 08
[    1.836841] sd 2:0:0:0: [sda] Write cache: enabled, read cache: enabled, doesn't support DPO or FUA
[    1.847712]  sda: sda1 sda2
[    1.856339] sd 2:0:0:0: [sda] Attached SCSI disk
[    2.231604] SGI XFS with ACLs, security attributes, quota, no debug enabled
[    2.233142] XFS (dm-0): Mounting V5 Filesystem
[    2.247305] XFS (dm-0): Ending clean mount
[    2.505493] systemd-journald[187]: Received SIGTERM from PID 1 (systemd).
[    2.517490] printk: systemd: 15 output lines suppressed due to ratelimiting
[    2.566077] SELinux:  Permission getrlimit in class process not defined in policy.
[    2.566089] SELinux:  Permission watch in class filesystem not defined in policy.
[    2.566102] SELinux:  Permission watch in class file not defined in policy.
[    2.566103] SELinux:  Permission watch_mount in class file not defined in policy.
[    2.566104] SELinux:  Permission watch_sb in class file not defined in policy.
[    2.566105] SELinux:  Permission watch_with_perm in class file not defined in policy.
[    2.566106] SELinux:  Permission watch_reads in class file not defined in policy.
[    2.566108] SELinux:  Permission watch in class dir not defined in policy.
[    2.566109] SELinux:  Permission watch_mount in class dir not defined in policy.
[    2.566110] SELinux:  Permission watch_sb in class dir not defined in policy.
[    2.566111] SELinux:  Permission watch_with_perm in class dir not defined in policy.
[    2.566111] SELinux:  Permission watch_reads in class dir not defined in policy.
[    2.566114] SELinux:  Permission watch in class lnk_file not defined in policy.
[    2.566115] SELinux:  Permission watch_mount in class lnk_file not defined in policy.
[    2.566116] SELinux:  Permission watch_sb in class lnk_file not defined in policy.
[    2.566116] SELinux:  Permission watch_with_perm in class lnk_file not defined in policy.
[    2.566117] SELinux:  Permission watch_reads in class lnk_file not defined in policy.
[    2.566118] SELinux:  Permission watch in class chr_file not defined in policy.
[    2.566119] SELinux:  Permission watch_mount in class chr_file not defined in policy.
[    2.566120] SELinux:  Permission watch_sb in class chr_file not defined in policy.
[    2.566120] SELinux:  Permission watch_with_perm in class chr_file not defined in policy.
[    2.566121] SELinux:  Permission watch_reads in class chr_file not defined in policy.
[    2.566122] SELinux:  Permission watch in class blk_file not defined in policy.
[    2.566123] SELinux:  Permission watch_mount in class blk_file not defined in policy.
[    2.566123] SELinux:  Permission watch_sb in class blk_file not defined in policy.
[    2.566124] SELinux:  Permission watch_with_perm in class blk_file not defined in policy.
[    2.566125] SELinux:  Permission watch_reads in class blk_file not defined in policy.
[    2.566126] SELinux:  Permission watch in class sock_file not defined in policy.
[    2.566127] SELinux:  Permission watch_mount in class sock_file not defined in policy.
[    2.566128] SELinux:  Permission watch_sb in class sock_file not defined in policy.
[    2.566128] SELinux:  Permission watch_with_perm in class sock_file not defined in policy.
[    2.566129] SELinux:  Permission watch_reads in class sock_file not defined in policy.
[    2.566130] SELinux:  Permission watch in class fifo_file not defined in policy.
[    2.566131] SELinux:  Permission watch_mount in class fifo_file not defined in policy.
[    2.566132] SELinux:  Permission watch_sb in class fifo_file not defined in policy.
[    2.566132] SELinux:  Permission watch_with_perm in class fifo_file not defined in policy.
[    2.566133] SELinux:  Permission watch_reads in class fifo_file not defined in policy.
[    2.566167] SELinux:  Permission perfmon in class capability2 not defined in policy.
[    2.566168] SELinux:  Permission bpf in class capability2 not defined in policy.
[    2.566169] SELinux:  Permission checkpoint_restore in class capability2 not defined in policy.
[    2.566173] SELinux:  Permission perfmon in class cap2_userns not defined in policy.
[    2.566174] SELinux:  Permission bpf in class cap2_userns not defined in policy.
[    2.566174] SELinux:  Permission checkpoint_restore in class cap2_userns not defined in policy.
[    2.566193] SELinux:  Class xdp_socket not defined in policy.
[    2.566197] SELinux:  Class mctp_socket not defined in policy.
[    2.566198] SELinux:  Class perf_event not defined in policy.
[    2.566198] SELinux:  Class anon_inode not defined in policy.
[    2.566199] SELinux:  Class io_uring not defined in policy.
[    2.566200] SELinux: the above unknown classes and permissions will be allowed
[    2.568943] SELinux:  policy capability network_peer_controls=1
[    2.568946] SELinux:  policy capability open_perms=1
[    2.568946] SELinux:  policy capability extended_socket_class=1
[    2.568947] SELinux:  policy capability always_check_network=0
[    2.568948] SELinux:  policy capability cgroup_seclabel=1
[    2.568948] SELinux:  policy capability nnp_nosuid_transition=1
[    2.568949] SELinux:  policy capability genfs_seclabel_symlinks=0
[    2.568950] SELinux:  policy capability ioctl_skip_cloexec=0
[    2.599542] audit: type=1403 audit(1653897723.560:2): auid=4294967295 ses=4294967295 lsm=selinux res=1
[    2.601984] systemd[1]: Successfully loaded SELinux policy in 65.800ms.
[    2.623185] systemd[1]: Inserted module 'ip_tables'
[    2.642296] systemd[1]: Relabelled /dev, /run and /sys/fs/cgroup in 17.442ms.
[    2.761212] xfs filesystem being remounted at / supports timestamps until 2038 (0x7fffffff)
[    2.789544] RPC: Registered named UNIX socket transport module.
[    2.789547] RPC: Registered udp transport module.
[    2.789548] RPC: Registered tcp transport module.
[    2.789553] RPC: Registered tcp NFSv4.1 backchannel transport module.
[    2.792278] systemd-journald[586]: Received request to flush runtime journal from PID 1
[    2.813682] Installing knfsd (copyright (C) 1996 okir@monad.swb.de).
[    2.897533] FDC 0 is a S82078B
[    2.901292] input: PC Speaker as /devices/platform/pcspkr/input/input6
[    2.902667] piix4_smbus 0000:00:01.3: SMBus Host Controller at 0x700, revision 0
[    2.907315] sr 1:0:0:0: Attached scsi generic sg0 type 5
[    2.907567] sd 2:0:0:0: Attached scsi generic sg1 type 0
[    2.931002] ACPI: bus type drm_connector registered
[    2.964752] bochs-drm 0000:00:02.0: vgaarb: deactivate vga console
[    2.968467] Console: switching to colour dummy device 80x25
[    2.968670] [drm] Found bochs VGA, ID 0xb0c0.
[    2.968673] [drm] Framebuffer size 16384 kB @ 0xfd000000, mmio @ 0xfea50000.
[    2.970330] [drm] Found EDID data blob.
[    2.970516] [drm] Initialized bochs-drm 1.0.0 20130925 for 0000:00:02.0 on minor 0
[    2.971543] fbcon: bochs-drmdrmfb (fb0) is primary device
[    2.973487] Console: switching to colour frame buffer device 128x48
[    2.974097] bochs-drm 0000:00:02.0: [drm] fb0: bochs-drmdrmfb frame buffer device
[    3.039865] XFS (sda1): Mounting V5 Filesystem
[    3.045885] loop: module loaded
[    3.047063] loop3: detected capacity change from 0 to 126760
[    3.047112] loop2: detected capacity change from 0 to 173608
[    3.047143] loop0: detected capacity change from 0 to 91416
[    3.047368] loop1: detected capacity change from 0 to 89352
[    3.067003] squashfs: version 4.0 (2009/01/31) Phillip Lougher
[    3.203949] XFS (sda1): Ending clean mount
[    3.204015] xfs filesystem being mounted at /boot supports timestamps until 2038 (0x7fffffff)
[    3.696370] IPv6: eth0: IPv6 duplicate address fe80::ee59:e025:f170:1dc1 used by 32:c8:4a:c5:08:c8 detected!
[    4.679914] IPv6: eth0: IPv6 duplicate address fe80::ee59:e025:f170:1dc1 used by 32:c8:4a:c5:08:c8 detected!
[    5.024285] NFSD: Using UMH upcall client tracking operations.
[    5.024291] NFSD: starting 90-second grace period (net f0000000)
[    5.694633] Bridge firewalling registered
[    7.169364] SELinux: mount invalid.  Same superblock, different security settings for (dev mqueue, type mqueue)
[    7.169911] SELinux: mount invalid.  Same superblock, different security settings for (dev mqueue, type mqueue)
[    7.333862] SELinux: mount invalid.  Same superblock, different security settings for (dev mqueue, type mqueue)
[    7.334810] SELinux: mount invalid.  Same superblock, different security settings for (dev mqueue, type mqueue)
[    7.935081] SELinux: mount invalid.  Same superblock, different security settings for (dev mqueue, type mqueue)
[    8.019258] SELinux: mount invalid.  Same superblock, different security settings for (dev mqueue, type mqueue)
[    8.107701] SELinux: mount invalid.  Same superblock, different security settings for (dev mqueue, type mqueue)
[    8.184409] SELinux: mount invalid.  Same superblock, different security settings for (dev mqueue, type mqueue)
[   15.092107] IPVS: Registered protocols (TCP, UDP, SCTP, AH, ESP)
[   15.092123] IPVS: Connection hash table configured (size=4096, memory=32Kbytes)
[   15.092183] IPVS: ipvs loaded.
[   15.112988] IPVS: [rr] scheduler registered.
[   15.139040] IPVS: [wrr] scheduler registered.
[   15.165071] IPVS: [sh] scheduler registered.
[   17.044832] overlayfs: lowerdir is in-use as upperdir/workdir of another mount, accessing files from both mounts will result in undefined behavior.
[   17.052388] overlayfs: lowerdir is in-use as upperdir/workdir of another mount, accessing files from both mounts will result in undefined behavior.
[   17.090386] SELinux: mount invalid.  Same superblock, different security settings for (dev mqueue, type mqueue)
[   17.143941] SELinux: mount invalid.  Same superblock, different security settings for (dev mqueue, type mqueue)
[   17.272341] IPv6: ADDRCONF(NETDEV_CHANGE): eth0: link becomes ready
[   17.272387] IPv6: ADDRCONF(NETDEV_CHANGE): cali6385ee74af9: link becomes ready
[   17.342260] IPv6: ADDRCONF(NETDEV_CHANGE): cali3b1ca738bae: link becomes ready
[   17.446926] IPv6: ADDRCONF(NETDEV_CHANGE): cali2fdb3fe2e48: link becomes ready
[   17.473424] SELinux: mount invalid.  Same superblock, different security settings for (dev mqueue, type mqueue)
[   17.506212] SELinux: mount invalid.  Same superblock, different security settings for (dev mqueue, type mqueue)
[   17.600503] SELinux: mount invalid.  Same superblock, different security settings for (dev mqueue, type mqueue)
[   17.760496] SELinux: mount invalid.  Same superblock, different security settings for (dev mqueue, type mqueue)
[   17.805872] SELinux: mount invalid.  Same superblock, different security settings for (dev mqueue, type mqueue)
[   18.978397] SELinux: mount invalid.  Same superblock, different security settings for (dev mqueue, type mqueue)
[   19.053377] fuse: init (API version 7.36)
[   19.301640] IPv6: ADDRCONF(NETDEV_CHANGE): eth0: link becomes ready
[   19.301669] IPv6: ADDRCONF(NETDEV_CHANGE): cali05c6ad3f6ef: link becomes ready
[   19.518510] SELinux: mount invalid.  Same superblock, different security settings for (dev mqueue, type mqueue)
[   19.802063] wireguard: WireGuard 1.0.0 loaded. See www.wireguard.com for information.
[   19.802067] wireguard: Copyright (C) 2015-2019 Jason A. Donenfeld <Jason@zx2c4.com>. All Rights Reserved.
[   19.815149] SELinux: mount invalid.  Same superblock, different security settings for (dev mqueue, type mqueue)
[   20.119024] IPv6: ADDRCONF(NETDEV_CHANGE): caliaf514299920: link becomes ready
[   20.305593] SELinux: mount invalid.  Same superblock, different security settings for (dev mqueue, type mqueue)
[   20.342626] ipip: IPv4 and MPLS over IPv4 tunneling driver
[   21.851916] SELinux: mount invalid.  Same superblock, different security settings for (dev mqueue, type mqueue)
[   24.369041] SELinux: mount invalid.  Same superblock, different security settings for (dev mqueue, type mqueue)
[   24.623132] IPv6: ADDRCONF(NETDEV_CHANGE): eth0: link becomes ready
[   24.623173] IPv6: ADDRCONF(NETDEV_CHANGE): cali9a7dd67694c: link becomes ready
[   24.748216] SELinux: mount invalid.  Same superblock, different security settings for (dev mqueue, type mqueue)
[   25.380035] SELinux: mount invalid.  Same superblock, different security settings for (dev mqueue, type mqueue)
[   25.539829] SELinux: mount invalid.  Same superblock, different security settings for (dev mqueue, type mqueue)
[   84.301952] nvme nvme0: new ctrl: NQN "nqn.2014-08.org.nvmexpress.discovery", addr 192.168.10.118:1018
[   84.304067] nvme nvme0: Removing ctrl: NQN "nqn.2014-08.org.nvmexpress.discovery"
[  141.711416] nvme nvme0: Invalid MNAN value 1024
[  382.863139] nvme nvme0: Invalid MNAN value 1024
[  854.760190] nvme nvme0: new ctrl: NQN "nqn.2014-08.org.nvmexpress.discovery", addr 192.168.10.118:1018
[  854.762447] nvme nvme0: Removing ctrl: NQN "nqn.2014-08.org.nvmexpress.discovery"
[  888.450030] nvme nvme0: Connect Invalid Data Parameter, subsysnqn "nqn.2014-8.org.nvmexpress.discovery:gluesys"
[  888.450292] nvme nvme0: failed to connect queue: 0 ret=16770
[  906.777602] nvme nvme0: Connect Invalid Data Parameter, subsysnqn "nqn.2014-08.org.nvmexpress.discovery:gluesys"
[  906.777788] nvme nvme0: failed to connect queue: 0 ret=16770
[  920.209922] nvme nvme0: Invalid MNAN value 1024
[ 1657.084171] nvme nvme0: new ctrl: NQN "nqn.2014-08.org.nvmexpress.discovery", addr 192.168.10.118:1018
[ 1657.086093] nvme nvme0: Removing ctrl: NQN "nqn.2014-08.org.nvmexpress.discovery"
[ 1688.457498] nvme nvme0: new ctrl: NQN "nqn.2014-08.org.nvmexpress.discovery", addr 192.168.10.118:1018
[ 1688.459449] nvme nvme0: Removing ctrl: NQN "nqn.2014-08.org.nvmexpress.discovery"
[ 1720.782280] nvme nvme0: Connect Invalid Data Parameter, subsysnqn "nqn.2014-08.ogr.nvmexpress.gluesys"
[ 1720.782495] nvme nvme0: failed to connect queue: 0 ret=16770
[ 1760.319809] nvme nvme0: new ctrl: NQN "nqn.2014-08.org.nvmexpress.discovery", addr 192.168.10.118:1018
[ 1760.321944] nvme nvme0: Removing ctrl: NQN "nqn.2014-08.org.nvmexpress.discovery"
[ 1780.006875] nvme nvme0: Invalid MNAN value 1024
[ 1781.915515] nvme nvme0: Invalid MNAN value 1024
[ 1782.404242] nvme nvme0: Invalid MNAN value 1024
[59344.999986] nvme nvme0: Invalid MNAN value 1024
[59387.743632] nvme nvme0: new ctrl: NQN "nqn.2014-08.org.nvmexpress.discovery", addr 192.168.10.118:1018
[59387.745909] nvme nvme0: Removing ctrl: NQN "nqn.2014-08.org.nvmexpress.discovery"
[59830.114958] nvme nvme0: Invalid MNAN value 1024
[59913.016260] nvme nvme0: Invalid MNAN value 1024
[60055.625242] nvme nvme0: Invalid MNAN value 1024
[60162.118339] nvme nvme0: Invalid MNAN value 1024
[60505.789009] SELinux: mount invalid.  Same superblock, different security settings for (dev mqueue, type mqueue)
[60682.974108] nvme nvme0: new ctrl: NQN "nqn.2014-08.org.nvmexpress.discovery", addr 192.168.10.118:1018
[60682.976321] nvme nvme0: Removing ctrl: NQN "nqn.2014-08.org.nvmexpress.discovery"
[60768.707164] nvme nvme0: Invalid MNAN value 1024
[61243.562330] nvme nvme0: new ctrl: NQN "nqn.2014-08.org.nvmexpress.discovery", addr 192.168.10.118:1018
[61243.563947] nvme nvme0: Removing ctrl: NQN "nqn.2014-08.org.nvmexpress.discovery"
[61251.470520] nvme nvme0: Invalid MNAN value 1024
[61651.677060] nvme nvme0: new ctrl: NQN "nqn.2014-08.org.nvmexpress.discovery", addr 192.168.10.118:1018
[61651.679277] nvme nvme0: Removing ctrl: NQN "nqn.2014-08.org.nvmexpress.discovery"
[61663.257787] nvme nvme0: Invalid MNAN value 1024
[64032.884744] nvme nvme0: Invalid MNAN value 1024
[64055.376607] nvme nvme0: Invalid MNAN value 1024
[64347.481054] nvme nvme0: Invalid MNAN value 1024
[64380.749612] nvme nvme0: Invalid MNAN value 1024
[64386.951025] nvme nvme0: Invalid MNAN value 1024
[64544.505974] SELinux:  Permission getrlimit in class process not defined in policy.
[64544.506000] SELinux:  Permission watch in class filesystem not defined in policy.
[64544.506004] SELinux:  Permission watch in class file not defined in policy.
[64544.506005] SELinux:  Permission watch_mount in class file not defined in policy.
[64544.506006] SELinux:  Permission watch_sb in class file not defined in policy.
[64544.506007] SELinux:  Permission watch_with_perm in class file not defined in policy.
[64544.506008] SELinux:  Permission watch_reads in class file not defined in policy.
[64544.506027] SELinux:  Permission watch in class dir not defined in policy.
[64544.506027] SELinux:  Permission watch_mount in class dir not defined in policy.
[64544.506028] SELinux:  Permission watch_sb in class dir not defined in policy.
[64544.506029] SELinux:  Permission watch_with_perm in class dir not defined in policy.
[64544.506030] SELinux:  Permission watch_reads in class dir not defined in policy.
[64544.506034] SELinux:  Permission watch in class lnk_file not defined in policy.
[64544.506035] SELinux:  Permission watch_mount in class lnk_file not defined in policy.
[64544.506036] SELinux:  Permission watch_sb in class lnk_file not defined in policy.
[64544.506037] SELinux:  Permission watch_with_perm in class lnk_file not defined in policy.
[64544.506037] SELinux:  Permission watch_reads in class lnk_file not defined in policy.
[64544.506039] SELinux:  Permission watch in class chr_file not defined in policy.
[64544.506040] SELinux:  Permission watch_mount in class chr_file not defined in policy.
[64544.506040] SELinux:  Permission watch_sb in class chr_file not defined in policy.
[64544.506041] SELinux:  Permission watch_with_perm in class chr_file not defined in policy.
[64544.506042] SELinux:  Permission watch_reads in class chr_file not defined in policy.
[64544.506043] SELinux:  Permission watch in class blk_file not defined in policy.
[64544.506044] SELinux:  Permission watch_mount in class blk_file not defined in policy.
[64544.506044] SELinux:  Permission watch_sb in class blk_file not defined in policy.
[64544.506045] SELinux:  Permission watch_with_perm in class blk_file not defined in policy.
[64544.506046] SELinux:  Permission watch_reads in class blk_file not defined in policy.
[64544.506048] SELinux:  Permission watch in class sock_file not defined in policy.
[64544.506048] SELinux:  Permission watch_mount in class sock_file not defined in policy.
[64544.506049] SELinux:  Permission watch_sb in class sock_file not defined in policy.
[64544.506050] SELinux:  Permission watch_with_perm in class sock_file not defined in policy.
[64544.506050] SELinux:  Permission watch_reads in class sock_file not defined in policy.
[64544.506052] SELinux:  Permission watch in class fifo_file not defined in policy.
[64544.506052] SELinux:  Permission watch_mount in class fifo_file not defined in policy.
[64544.506053] SELinux:  Permission watch_sb in class fifo_file not defined in policy.
[64544.506054] SELinux:  Permission watch_with_perm in class fifo_file not defined in policy.
[64544.506054] SELinux:  Permission watch_reads in class fifo_file not defined in policy.
[64544.506091] SELinux:  Permission perfmon in class capability2 not defined in policy.
[64544.506092] SELinux:  Permission bpf in class capability2 not defined in policy.
[64544.506092] SELinux:  Permission checkpoint_restore in class capability2 not defined in policy.
[64544.506128] SELinux:  Permission perfmon in class cap2_userns not defined in policy.
[64544.506130] SELinux:  Permission bpf in class cap2_userns not defined in policy.
[64544.506131] SELinux:  Permission checkpoint_restore in class cap2_userns not defined in policy.
[64544.506157] SELinux:  Class xdp_socket not defined in policy.
[64544.506159] SELinux:  Class mctp_socket not defined in policy.
[64544.506173] SELinux:  Class perf_event not defined in policy.
[64544.506174] SELinux:  Class anon_inode not defined in policy.
[64544.506174] SELinux:  Class io_uring not defined in policy.
[64544.506175] SELinux: the above unknown classes and permissions will be allowed
[64544.506390] SELinux:  Converting 2380 SID table entries...
[64544.572460] SELinux:  policy capability network_peer_controls=1
[64544.572464] SELinux:  policy capability open_perms=1
[64544.572465] SELinux:  policy capability extended_socket_class=1
[64544.572466] SELinux:  policy capability always_check_network=0
[64544.572467] SELinux:  policy capability cgroup_seclabel=1
[64544.572481] SELinux:  policy capability nnp_nosuid_transition=1
[64544.572482] SELinux:  policy capability genfs_seclabel_symlinks=0
[64544.572482] SELinux:  policy capability ioctl_skip_cloexec=0
[64737.044060] nvme nvme0: Invalid MNAN value 1024
[64905.708122] nvme nvme0: Invalid MNAN value 1024
[65759.088608] nvme nvme0: new ctrl: NQN "nqn.2014-08.org.nvmexpress.discovery", addr 192.168.10.118:1018
[65759.090669] nvme nvme0: Removing ctrl: NQN "nqn.2014-08.org.nvmexpress.discovery"
[65762.680840] nvme nvme0: new ctrl: NQN "nqn.2014-08.org.nvmexpress.discovery", addr 192.168.10.118:1018
[65762.682716] nvme nvme0: Removing ctrl: NQN "nqn.2014-08.org.nvmexpress.discovery"
[65797.236830] nvme nvme0: new ctrl: NQN "nqn.2014-08.org.nvmexpress.discovery", addr 192.168.10.118:1018
[65797.238856] nvme nvme0: Removing ctrl: NQN "nqn.2014-08.org.nvmexpress.discovery"
[65898.938381] nvme nvme0: Invalid MNAN value 1024
[66003.618364] nvme nvme0: failed to connect socket: -111
[66009.444558] nvme nvme0: Invalid MNAN value 1024
[67351.931630] nvme nvme0: new ctrl: NQN "nqn.2014-08.org.nvmexpress.discovery", addr 192.168.10.118:1018
[67351.933739] nvme nvme0: Removing ctrl: NQN "nqn.2014-08.org.nvmexpress.discovery"
[67368.853484] nvme nvme0: new ctrl: NQN "nqn.2014-08.org.nvmexpress.discovery", addr 192.168.10.118:4420
[67368.855538] nvme nvme0: Removing ctrl: NQN "nqn.2014-08.org.nvmexpress.discovery"
[67392.885419] nvme nvme0: Invalid MNAN value 1024
[72351.167651] nvme nvme0: Invalid MNAN value 1024
[72369.793326] nvme nvme0: Invalid MNAN value 1024
[82135.554881] nvme nvme0: new ctrl: NQN "nqn.2014-08.org.nvmexpress.discovery", addr 192.168.10.118:1018
[82135.556963] nvme nvme0: Removing ctrl: NQN "nqn.2014-08.org.nvmexpress.discovery"
[82153.511947] nvme nvme0: Invalid MNAN value 1024
[83267.321873] nvme nvme0: Invalid MNAN value 1024
[83285.000079] nvme nvme0: new ctrl: NQN "nqn.2014-08.org.nvmexpress.discovery", addr 192.168.10.118:1018
[83285.002142] nvme nvme0: Removing ctrl: NQN "nqn.2014-08.org.nvmexpress.discovery"
[120986.685561] SELinux: mount invalid.  Same superblock, different security settings for (dev mqueue, type mqueue)
[181467.253849] SELinux: mount invalid.  Same superblock, different security settings for (dev mqueue, type mqueue)
[241948.157507] SELinux: mount invalid.  Same superblock, different security settings for (dev mqueue, type mqueue)
[302429.411219] SELinux: mount invalid.  Same superblock, different security settings for (dev mqueue, type mqueue)
[336341.319212] nvme nvme0: failed to connect socket: -110
[336590.983172] nvme nvme0: failed to connect socket: -110
[336659.305032] nvme nvme0: new ctrl: NQN "nqn.2014-08.org.nvmexpress.discovery", addr 192.168.10.118:4420
[336659.306812] nvme nvme0: Removing ctrl: NQN "nqn.2014-08.org.nvmexpress.discovery"
[336700.480243] nvme nvme0: creating 8 I/O queues.
[336700.486305] nvme nvme0: mapped 8/0/0 default/read/poll queues.
[336700.492700] nvme nvme0: new ctrl: NQN "nqn.gluesys", addr 192.168.10.118:4420
[337783.303206] nvme nvme0: queue 0: timeout request 0x0 type 4
[337783.303220] nvme nvme0: starting error recovery
[337783.303933] nvme0: Admin Cmd(0x18), I/O Error (sct 0x3 / sc 0x71) 
[337783.304082] nvme nvme0: failed nvme_keep_alive_end_io error=10
[337783.310174] nvme nvme0: Reconnecting in 10 seconds...
[337796.743158] nvme nvme0: failed to connect socket: -110
[337796.743288] nvme nvme0: Failed reconnect attempt 1
[337796.743290] nvme nvme0: Reconnecting in 10 seconds...
[337810.055140] nvme nvme0: failed to connect socket: -110
[337810.055324] nvme nvme0: Failed reconnect attempt 2
[337810.055327] nvme nvme0: Reconnecting in 10 seconds...
[337823.368211] nvme nvme0: failed to connect socket: -110
[337823.368338] nvme nvme0: Failed reconnect attempt 3
[337823.368341] nvme nvme0: Reconnecting in 10 seconds...
[337836.679174] nvme nvme0: failed to connect socket: -110
[337836.679318] nvme nvme0: Failed reconnect attempt 4
[337836.679320] nvme nvme0: Reconnecting in 10 seconds...
[337849.991199] nvme nvme0: failed to connect socket: -110
[337849.995927] nvme nvme0: Failed reconnect attempt 5
[337849.995930] nvme nvme0: Reconnecting in 10 seconds...
[337863.304191] nvme nvme0: failed to connect socket: -110
[337863.304433] nvme nvme0: Failed reconnect attempt 6
[337863.304436] nvme nvme0: Reconnecting in 10 seconds...
[337876.615193] nvme nvme0: failed to connect socket: -110
[337876.615442] nvme nvme0: Failed reconnect attempt 7
[337876.615465] nvme nvme0: Reconnecting in 10 seconds...
[337889.927204] nvme nvme0: failed to connect socket: -110
[337889.927550] nvme nvme0: Failed reconnect attempt 8
[337889.927553] nvme nvme0: Reconnecting in 10 seconds...
[337903.240165] nvme nvme0: failed to connect socket: -110
[337903.240412] nvme nvme0: Failed reconnect attempt 9
[337903.240415] nvme nvme0: Reconnecting in 10 seconds...
[337916.551197] nvme nvme0: failed to connect socket: -110
[337916.551517] nvme nvme0: Failed reconnect attempt 10
[337916.551521] nvme nvme0: Reconnecting in 10 seconds...
[337929.863191] nvme nvme0: failed to connect socket: -110
[337929.863424] nvme nvme0: Failed reconnect attempt 11
[337929.863427] nvme nvme0: Reconnecting in 10 seconds...
[337943.175176] nvme nvme0: failed to connect socket: -110
[337943.175389] nvme nvme0: Failed reconnect attempt 12
[337943.175391] nvme nvme0: Reconnecting in 10 seconds...
[337956.487238] nvme nvme0: failed to connect socket: -110
[337956.487553] nvme nvme0: Failed reconnect attempt 13
[337956.487557] nvme nvme0: Reconnecting in 10 seconds...
[337969.799189] nvme nvme0: failed to connect socket: -110
[337969.799406] nvme nvme0: Failed reconnect attempt 14
[337969.799409] nvme nvme0: Reconnecting in 10 seconds...
[337983.111214] nvme nvme0: failed to connect socket: -110
[337983.111429] nvme nvme0: Failed reconnect attempt 15
[337983.111437] nvme nvme0: Reconnecting in 10 seconds...
[337996.423197] nvme nvme0: failed to connect socket: -110
[337996.423400] nvme nvme0: Failed reconnect attempt 16
[337996.423403] nvme nvme0: Reconnecting in 10 seconds...
[338009.735230] nvme nvme0: failed to connect socket: -110
[338009.736724] nvme nvme0: Failed reconnect attempt 17
[338009.736727] nvme nvme0: Reconnecting in 10 seconds...
[338023.047187] nvme nvme0: failed to connect socket: -110
[338023.047381] nvme nvme0: Failed reconnect attempt 18
[338023.047383] nvme nvme0: Reconnecting in 10 seconds...
[338036.359186] nvme nvme0: failed to connect socket: -110
[338036.359361] nvme nvme0: Failed reconnect attempt 19
[338036.359364] nvme nvme0: Reconnecting in 10 seconds...
[338049.671210] nvme nvme0: failed to connect socket: -110
[338049.671388] nvme nvme0: Failed reconnect attempt 20
[338049.671390] nvme nvme0: Reconnecting in 10 seconds...
[338062.983196] nvme nvme0: failed to connect socket: -110
[338062.983379] nvme nvme0: Failed reconnect attempt 21
[338062.983382] nvme nvme0: Reconnecting in 10 seconds...
[338076.295193] nvme nvme0: failed to connect socket: -110
[338076.295374] nvme nvme0: Failed reconnect attempt 22
[338076.295377] nvme nvme0: Reconnecting in 10 seconds...
[338089.607177] nvme nvme0: failed to connect socket: -110
[338089.607356] nvme nvme0: Failed reconnect attempt 23
[338089.607359] nvme nvme0: Reconnecting in 10 seconds...
[338102.919171] nvme nvme0: failed to connect socket: -110
[338102.919343] nvme nvme0: Failed reconnect attempt 24
[338102.919345] nvme nvme0: Reconnecting in 10 seconds...
[338116.231239] nvme nvme0: failed to connect socket: -110
[338116.231415] nvme nvme0: Failed reconnect attempt 25
[338116.231418] nvme nvme0: Reconnecting in 10 seconds...
[338129.543193] nvme nvme0: failed to connect socket: -110
[338129.543369] nvme nvme0: Failed reconnect attempt 26
[338129.543371] nvme nvme0: Reconnecting in 10 seconds...
[338142.855221] nvme nvme0: failed to connect socket: -110
[338142.855415] nvme nvme0: Failed reconnect attempt 27
[338142.855418] nvme nvme0: Reconnecting in 10 seconds...
[338156.168204] nvme nvme0: failed to connect socket: -110
[338156.168472] nvme nvme0: Failed reconnect attempt 28
[338156.168480] nvme nvme0: Reconnecting in 10 seconds...
[338169.479202] nvme nvme0: failed to connect socket: -110
[338169.479399] nvme nvme0: Failed reconnect attempt 29
[338169.479422] nvme nvme0: Reconnecting in 10 seconds...
[338182.791201] nvme nvme0: failed to connect socket: -110
[338182.791373] nvme nvme0: Failed reconnect attempt 30
[338182.791375] nvme nvme0: Reconnecting in 10 seconds...
[338196.103252] nvme nvme0: failed to connect socket: -110
[338196.105170] nvme nvme0: Failed reconnect attempt 31
[338196.105174] nvme nvme0: Reconnecting in 10 seconds...
[338209.415209] nvme nvme0: failed to connect socket: -110
[338209.415421] nvme nvme0: Failed reconnect attempt 32
[338209.415424] nvme nvme0: Reconnecting in 10 seconds...
[338222.727190] nvme nvme0: failed to connect socket: -110
[338222.727382] nvme nvme0: Failed reconnect attempt 33
[338222.727385] nvme nvme0: Reconnecting in 10 seconds...
[338236.039206] nvme nvme0: failed to connect socket: -110
[338236.039411] nvme nvme0: Failed reconnect attempt 34
[338236.039415] nvme nvme0: Reconnecting in 10 seconds...
[338249.351188] nvme nvme0: failed to connect socket: -110
[338249.351383] nvme nvme0: Failed reconnect attempt 35
[338249.351386] nvme nvme0: Reconnecting in 10 seconds...
[338262.663178] nvme nvme0: failed to connect socket: -110
[338262.663370] nvme nvme0: Failed reconnect attempt 36
[338262.663372] nvme nvme0: Reconnecting in 10 seconds...
[338275.975201] nvme nvme0: failed to connect socket: -110
[338275.975372] nvme nvme0: Failed reconnect attempt 37
[338275.975374] nvme nvme0: Reconnecting in 10 seconds...
[338289.287191] nvme nvme0: failed to connect socket: -110
[338289.287370] nvme nvme0: Failed reconnect attempt 38
[338289.287373] nvme nvme0: Reconnecting in 10 seconds...
[338302.599187] nvme nvme0: failed to connect socket: -110
[338302.599352] nvme nvme0: Failed reconnect attempt 39
[338302.599354] nvme nvme0: Reconnecting in 10 seconds...
[338315.913348] nvme nvme0: failed to connect socket: -110
[338315.913580] nvme nvme0: Failed reconnect attempt 40
[338315.913583] nvme nvme0: Reconnecting in 10 seconds...
[338329.223229] nvme nvme0: failed to connect socket: -110
[338329.223410] nvme nvme0: Failed reconnect attempt 41
[338329.223413] nvme nvme0: Reconnecting in 10 seconds...
[338342.535201] nvme nvme0: failed to connect socket: -110
[338342.535363] nvme nvme0: Failed reconnect attempt 42
[338342.535366] nvme nvme0: Reconnecting in 10 seconds...
[338355.847210] nvme nvme0: failed to connect socket: -110
[338355.847394] nvme nvme0: Failed reconnect attempt 43
[338355.847417] nvme nvme0: Reconnecting in 10 seconds...
[338369.159224] nvme nvme0: failed to connect socket: -110
[338369.159390] nvme nvme0: Failed reconnect attempt 44
[338369.159392] nvme nvme0: Reconnecting in 10 seconds...
[338382.471196] nvme nvme0: failed to connect socket: -110
[338382.471439] nvme nvme0: Failed reconnect attempt 45
[338382.471443] nvme nvme0: Reconnecting in 10 seconds...
[338395.783210] nvme nvme0: failed to connect socket: -110
[338395.783436] nvme nvme0: Failed reconnect attempt 46
[338395.783440] nvme nvme0: Reconnecting in 10 seconds...
[338409.095202] nvme nvme0: failed to connect socket: -110
[338409.095376] nvme nvme0: Failed reconnect attempt 47
[338409.095384] nvme nvme0: Reconnecting in 10 seconds...
[338422.407200] nvme nvme0: failed to connect socket: -110
[338422.407346] nvme nvme0: Failed reconnect attempt 48
[338422.407348] nvme nvme0: Reconnecting in 10 seconds...
[338435.719224] nvme nvme0: failed to connect socket: -110
[338435.721208] nvme nvme0: Failed reconnect attempt 49
[338435.721212] nvme nvme0: Reconnecting in 10 seconds...
[338449.031188] nvme nvme0: failed to connect socket: -110
[338449.031351] nvme nvme0: Failed reconnect attempt 50
[338449.031355] nvme nvme0: Reconnecting in 10 seconds...
[338462.344164] nvme nvme0: failed to connect socket: -110
[338462.344312] nvme nvme0: Failed reconnect attempt 51
[338462.344325] nvme nvme0: Reconnecting in 10 seconds...
[338475.655199] nvme nvme0: failed to connect socket: -110
[338475.655345] nvme nvme0: Failed reconnect attempt 52
[338475.655347] nvme nvme0: Reconnecting in 10 seconds...
[338488.967207] nvme nvme0: failed to connect socket: -110
[338488.967353] nvme nvme0: Failed reconnect attempt 53
[338488.967355] nvme nvme0: Reconnecting in 10 seconds...
[338502.279200] nvme nvme0: failed to connect socket: -110
[338502.279349] nvme nvme0: Failed reconnect attempt 54
[338502.279352] nvme nvme0: Reconnecting in 10 seconds...
[338515.591341] nvme nvme0: failed to connect socket: -110
[338515.591516] nvme nvme0: Failed reconnect attempt 55
[338515.591519] nvme nvme0: Reconnecting in 10 seconds...
[338528.903197] nvme nvme0: failed to connect socket: -110
[338528.903341] nvme nvme0: Failed reconnect attempt 56
[338528.903368] nvme nvme0: Reconnecting in 10 seconds...
[338542.215246] nvme nvme0: failed to connect socket: -110
[338542.215392] nvme nvme0: Failed reconnect attempt 57
[338542.215394] nvme nvme0: Reconnecting in 10 seconds...
[338555.528187] nvme nvme0: failed to connect socket: -110
[338555.528333] nvme nvme0: Failed reconnect attempt 58
[338555.528336] nvme nvme0: Reconnecting in 10 seconds...
[338568.839194] nvme nvme0: failed to connect socket: -110
[338568.839351] nvme nvme0: Failed reconnect attempt 59
[338568.839353] nvme nvme0: Reconnecting in 10 seconds...
[338582.151172] nvme nvme0: failed to connect socket: -110
[338582.151327] nvme nvme0: Failed reconnect attempt 60
[338582.151354] nvme nvme0: Removing controller...
[338582.151377] nvme nvme0: Removing ctrl: NQN "nqn.gluesys"
[338582.165749] nvme nvme0: Property Set error: 880, offset 0x14
[362909.800198] SELinux: mount invalid.  Same superblock, different security settings for (dev mqueue, type mqueue)
[423390.167823] SELinux: mount invalid.  Same superblock, different security settings for (dev mqueue, type mqueue)
[483870.907831] SELinux: mount invalid.  Same superblock, different security settings for (dev mqueue, type mqueue)
[544351.936380] SELinux: mount invalid.  Same superblock, different security settings for (dev mqueue, type mqueue)
[604832.176632] SELinux: mount invalid.  Same superblock, different security settings for (dev mqueue, type mqueue)
[665312.575231] SELinux: mount invalid.  Same superblock, different security settings for (dev mqueue, type mqueue)
[694432.860927] nvme nvme0: failed to connect socket: -113
[694494.345191] nvme nvme0: failed to connect socket: -113
[694600.102203] nvme nvme0: failed to connect socket: -113
[694639.042299] nvme nvme0: failed to connect socket: -113
[694915.675399] nvme nvme0: failed to connect socket: -113
[725792.972631] SELinux: mount invalid.  Same superblock, different security settings for (dev mqueue, type mqueue)
[749055.840127] nvme nvme0: failed to connect socket: -111
[749059.737750] nvme nvme0: new ctrl: NQN "nqn.2014-08.org.nvmexpress.discovery", addr 192.168.10.118:1018
[749059.739691] nvme nvme0: Removing ctrl: NQN "nqn.2014-08.org.nvmexpress.discovery"
[749107.139822] nvme nvme0: creating 8 I/O queues.
[749107.145524] nvme nvme0: mapped 8/0/0 default/read/poll queues.
[749107.151207] nvme nvme0: new ctrl: NQN "nqn.gluesys.test", addr 192.168.10.118:1018
[751641.672998] nvme nvme0: starting error recovery
[751641.673239] nvme nvme0: Reconnecting in 10 seconds...
[751651.975844] nvme nvme0: failed to connect socket: -111
[751651.981210] nvme nvme0: Failed reconnect attempt 1
[751651.981218] nvme nvme0: Reconnecting in 10 seconds...
[751662.215557] nvme nvme0: failed to connect socket: -111
[751662.215738] nvme nvme0: Failed reconnect attempt 2
[751662.215740] nvme nvme0: Reconnecting in 10 seconds...
[751672.455558] nvme nvme0: failed to connect socket: -111
[751672.455733] nvme nvme0: Failed reconnect attempt 3
[751672.455736] nvme nvme0: Reconnecting in 10 seconds...
[751682.695564] nvme nvme0: failed to connect socket: -111
[751682.695742] nvme nvme0: Failed reconnect attempt 4
[751682.695744] nvme nvme0: Reconnecting in 10 seconds...
[751692.935593] nvme nvme0: failed to connect socket: -111
[751692.935810] nvme nvme0: Failed reconnect attempt 5
[751692.935813] nvme nvme0: Reconnecting in 10 seconds...
[751703.175727] nvme nvme0: failed to connect socket: -111
[751703.175896] nvme nvme0: Failed reconnect attempt 6
[751703.175899] nvme nvme0: Reconnecting in 10 seconds...
[751713.416514] nvme nvme0: failed to connect socket: -111
[751713.416668] nvme nvme0: Failed reconnect attempt 7
[751713.416671] nvme nvme0: Reconnecting in 10 seconds...
[751723.655592] nvme nvme0: failed to connect socket: -111
[751723.655761] nvme nvme0: Failed reconnect attempt 8
[751723.655764] nvme nvme0: Reconnecting in 10 seconds...
[751733.895526] nvme nvme0: failed to connect socket: -111
[751733.895711] nvme nvme0: Failed reconnect attempt 9
[751733.895715] nvme nvme0: Reconnecting in 10 seconds...
[751744.135518] nvme nvme0: failed to connect socket: -111
[751744.135673] nvme nvme0: Failed reconnect attempt 10
[751744.135675] nvme nvme0: Reconnecting in 10 seconds...
[751754.376523] nvme nvme0: failed to connect socket: -111
[751754.376743] nvme nvme0: Failed reconnect attempt 11
[751754.376746] nvme nvme0: Reconnecting in 10 seconds...
[751764.616521] nvme nvme0: failed to connect socket: -111
[751764.616675] nvme nvme0: Failed reconnect attempt 12
[751764.616677] nvme nvme0: Reconnecting in 10 seconds...
[751774.855511] nvme nvme0: failed to connect socket: -111
[751774.855676] nvme nvme0: Failed reconnect attempt 13
[751774.855679] nvme nvme0: Reconnecting in 10 seconds...
[751785.095597] nvme nvme0: failed to connect socket: -111
[751785.095794] nvme nvme0: Failed reconnect attempt 14
[751785.095802] nvme nvme0: Reconnecting in 10 seconds...
[751795.335583] nvme nvme0: failed to connect socket: -111
[751795.335790] nvme nvme0: Failed reconnect attempt 15
[751795.335794] nvme nvme0: Reconnecting in 10 seconds...
[751805.575632] nvme nvme0: failed to connect socket: -111
[751805.575786] nvme nvme0: Failed reconnect attempt 16
[751805.575788] nvme nvme0: Reconnecting in 10 seconds...
[751815.815515] nvme nvme0: failed to connect socket: -111
[751815.817801] nvme nvme0: Failed reconnect attempt 17
[751815.817805] nvme nvme0: Reconnecting in 10 seconds...
[751826.055520] nvme nvme0: failed to connect socket: -111
[751826.057079] nvme nvme0: Failed reconnect attempt 18
[751826.057083] nvme nvme0: Reconnecting in 10 seconds...
[751836.295582] nvme nvme0: failed to connect socket: -111
[751836.295804] nvme nvme0: Failed reconnect attempt 19
[751836.295808] nvme nvme0: Reconnecting in 10 seconds...
[751846.535874] nvme nvme0: failed to connect socket: -111
[751846.536048] nvme nvme0: Failed reconnect attempt 20
[751846.536051] nvme nvme0: Reconnecting in 10 seconds...
[751856.775765] nvme nvme0: failed to connect socket: -111
[751856.775920] nvme nvme0: Failed reconnect attempt 21
[751856.775922] nvme nvme0: Reconnecting in 10 seconds...
[751867.015561] nvme nvme0: failed to connect socket: -111
[751867.015778] nvme nvme0: Failed reconnect attempt 22
[751867.015782] nvme nvme0: Reconnecting in 10 seconds...
[751877.255581] nvme nvme0: failed to connect socket: -111
[751877.255790] nvme nvme0: Failed reconnect attempt 23
[751877.255794] nvme nvme0: Reconnecting in 10 seconds...
[751887.495908] nvme nvme0: failed to connect socket: -111
[751887.496090] nvme nvme0: Failed reconnect attempt 24
[751887.496092] nvme nvme0: Reconnecting in 10 seconds...
[751897.735737] nvme nvme0: failed to connect socket: -111
[751897.735893] nvme nvme0: Failed reconnect attempt 25
[751897.735895] nvme nvme0: Reconnecting in 10 seconds...
[751907.975711] nvme nvme0: failed to connect socket: -111
[751907.975923] nvme nvme0: Failed reconnect attempt 26
[751907.975926] nvme nvme0: Reconnecting in 10 seconds...
[751918.215555] nvme nvme0: failed to connect socket: -111
[751918.215706] nvme nvme0: Failed reconnect attempt 27
[751918.215708] nvme nvme0: Reconnecting in 10 seconds...
[751928.456537] nvme nvme0: failed to connect socket: -111
[751928.456702] nvme nvme0: Failed reconnect attempt 28
[751928.456705] nvme nvme0: Reconnecting in 10 seconds...
[751938.695601] nvme nvme0: failed to connect socket: -111
[751938.695765] nvme nvme0: Failed reconnect attempt 29
[751938.695768] nvme nvme0: Reconnecting in 10 seconds...
[751948.935509] nvme nvme0: failed to connect socket: -111
[751948.935734] nvme nvme0: Failed reconnect attempt 30
[751948.935738] nvme nvme0: Reconnecting in 10 seconds...
[751959.175551] nvme nvme0: failed to connect socket: -111
[751959.175706] nvme nvme0: Failed reconnect attempt 31
[751959.175709] nvme nvme0: Reconnecting in 10 seconds...
[751969.415608] nvme nvme0: failed to connect socket: -111
[751969.415758] nvme nvme0: Failed reconnect attempt 32
[751969.415760] nvme nvme0: Reconnecting in 10 seconds...
[751979.655539] nvme nvme0: failed to connect socket: -111
[751979.655716] nvme nvme0: Failed reconnect attempt 33
[751979.655719] nvme nvme0: Reconnecting in 10 seconds...
[751989.895573] nvme nvme0: failed to connect socket: -111
[751989.895738] nvme nvme0: Failed reconnect attempt 34
[751989.895740] nvme nvme0: Reconnecting in 10 seconds...
[752000.135546] nvme nvme0: failed to connect socket: -111
[752000.135709] nvme nvme0: Failed reconnect attempt 35
[752000.135736] nvme nvme0: Reconnecting in 10 seconds...
[752010.375597] nvme nvme0: failed to connect socket: -111
[752010.375758] nvme nvme0: Failed reconnect attempt 36
[752010.375760] nvme nvme0: Reconnecting in 10 seconds...
[752020.615599] nvme nvme0: failed to connect socket: -111
[752020.615759] nvme nvme0: Failed reconnect attempt 37
[752020.615761] nvme nvme0: Reconnecting in 10 seconds...
[752030.855598] nvme nvme0: failed to connect socket: -111
[752030.855794] nvme nvme0: Failed reconnect attempt 38
[752030.855796] nvme nvme0: Reconnecting in 10 seconds...
[752041.095580] nvme nvme0: failed to connect socket: -111
[752041.095767] nvme nvme0: Failed reconnect attempt 39
[752041.095776] nvme nvme0: Reconnecting in 10 seconds...
[752051.335576] nvme nvme0: failed to connect socket: -111
[752051.335735] nvme nvme0: Failed reconnect attempt 40
[752051.335737] nvme nvme0: Reconnecting in 10 seconds...
[752061.575643] nvme nvme0: failed to connect socket: -111
[752061.577055] nvme nvme0: Failed reconnect attempt 41
[752061.577058] nvme nvme0: Reconnecting in 10 seconds...
[752071.816540] nvme nvme0: failed to connect socket: -111
[752071.816686] nvme nvme0: Failed reconnect attempt 42
[752071.816688] nvme nvme0: Reconnecting in 10 seconds...
[752082.055551] nvme nvme0: failed to connect socket: -111
[752082.055698] nvme nvme0: Failed reconnect attempt 43
[752082.055700] nvme nvme0: Reconnecting in 10 seconds...
[752092.295514] nvme nvme0: failed to connect socket: -111
[752092.295668] nvme nvme0: Failed reconnect attempt 44
[752092.295670] nvme nvme0: Reconnecting in 10 seconds...
[752102.535615] nvme nvme0: failed to connect socket: -111
[752102.535844] nvme nvme0: Failed reconnect attempt 45
[752102.535849] nvme nvme0: Reconnecting in 10 seconds...
[752112.775562] nvme nvme0: failed to connect socket: -111
[752112.775707] nvme nvme0: Failed reconnect attempt 46
[752112.775710] nvme nvme0: Reconnecting in 10 seconds...
[752123.015532] nvme nvme0: failed to connect socket: -111
[752123.015686] nvme nvme0: Failed reconnect attempt 47
[752123.015689] nvme nvme0: Reconnecting in 10 seconds...
[752133.256529] nvme nvme0: failed to connect socket: -111
[752133.256743] nvme nvme0: Failed reconnect attempt 48
[752133.256747] nvme nvme0: Reconnecting in 10 seconds...
[752143.495487] nvme nvme0: failed to connect socket: -111
[752143.495629] nvme nvme0: Failed reconnect attempt 49
[752143.495632] nvme nvme0: Reconnecting in 10 seconds...
[752153.735558] nvme nvme0: failed to connect socket: -111
[752153.735701] nvme nvme0: Failed reconnect attempt 50
[752153.735703] nvme nvme0: Reconnecting in 10 seconds...
[752163.975540] nvme nvme0: failed to connect socket: -111
[752163.975684] nvme nvme0: Failed reconnect attempt 51
[752163.975687] nvme nvme0: Reconnecting in 10 seconds...
[752174.215548] nvme nvme0: failed to connect socket: -111
[752174.215726] nvme nvme0: Failed reconnect attempt 52
[752174.215730] nvme nvme0: Reconnecting in 10 seconds...
[752184.455547] nvme nvme0: failed to connect socket: -111
[752184.455703] nvme nvme0: Failed reconnect attempt 53
[752184.455706] nvme nvme0: Reconnecting in 10 seconds...
[752194.695512] nvme nvme0: failed to connect socket: -111
[752194.695654] nvme nvme0: Failed reconnect attempt 54
[752194.695657] nvme nvme0: Reconnecting in 10 seconds...
[752204.935555] nvme nvme0: failed to connect socket: -111
[752204.935719] nvme nvme0: Failed reconnect attempt 55
[752204.935721] nvme nvme0: Reconnecting in 10 seconds...
[752215.175570] nvme nvme0: failed to connect socket: -111
[752215.175738] nvme nvme0: Failed reconnect attempt 56
[752215.175740] nvme nvme0: Reconnecting in 10 seconds...
[752225.415533] nvme nvme0: failed to connect socket: -111
[752225.415736] nvme nvme0: Failed reconnect attempt 57
[752225.415740] nvme nvme0: Reconnecting in 10 seconds...
[752235.655559] nvme nvme0: failed to connect socket: -111
[752235.655702] nvme nvme0: Failed reconnect attempt 58
[752235.655704] nvme nvme0: Reconnecting in 10 seconds...
[752245.895564] nvme nvme0: failed to connect socket: -111
[752245.895743] nvme nvme0: Failed reconnect attempt 59
[752245.895750] nvme nvme0: Reconnecting in 10 seconds...
[752256.135525] nvme nvme0: failed to connect socket: -111
[752256.135708] nvme nvme0: Failed reconnect attempt 60
[752256.135711] nvme nvme0: Removing controller...
[752256.135732] nvme nvme0: Removing ctrl: NQN "nqn.gluesys.test"
[752256.155663] nvme nvme0: Property Set error: 880, offset 0x14
[786273.319316] SELinux: mount invalid.  Same superblock, different security settings for (dev mqueue, type mqueue)
[846754.275817] SELinux: mount invalid.  Same superblock, different security settings for (dev mqueue, type mqueue)
[907235.501451] SELinux: mount invalid.  Same superblock, different security settings for (dev mqueue, type mqueue)
[967716.160478] SELinux: mount invalid.  Same superblock, different security settings for (dev mqueue, type mqueue)
[1028197.326406] SELinux: mount invalid.  Same superblock, different security settings for (dev mqueue, type mqueue)
[1088678.305744] SELinux: mount invalid.  Same superblock, different security settings for (dev mqueue, type mqueue)
[1149159.264541] SELinux: mount invalid.  Same superblock, different security settings for (dev mqueue, type mqueue)
[1209639.813036] SELinux: mount invalid.  Same superblock, different security settings for (dev mqueue, type mqueue)
[1270120.550875] SELinux: mount invalid.  Same superblock, different security settings for (dev mqueue, type mqueue)
[1330601.345972] SELinux: mount invalid.  Same superblock, different security settings for (dev mqueue, type mqueue)
[1391081.795404] SELinux: mount invalid.  Same superblock, different security settings for (dev mqueue, type mqueue)
[1451562.413470] SELinux: mount invalid.  Same superblock, different security settings for (dev mqueue, type mqueue)
[1512043.160025] SELinux: mount invalid.  Same superblock, different security settings for (dev mqueue, type mqueue)
[1572523.731059] SELinux: mount invalid.  Same superblock, different security settings for (dev mqueue, type mqueue)
[1633004.769017] SELinux: mount invalid.  Same superblock, different security settings for (dev mqueue, type mqueue)
[1693485.436345] SELinux: mount invalid.  Same superblock, different security settings for (dev mqueue, type mqueue)
[1699821.645122] hrtimer: interrupt took 4007734 ns
[1753966.573423] SELinux: mount invalid.  Same superblock, different security settings for (dev mqueue, type mqueue)
[1814447.387117] SELinux: mount invalid.  Same superblock, different security settings for (dev mqueue, type mqueue)
[1874927.786314] SELinux: mount invalid.  Same superblock, different security settings for (dev mqueue, type mqueue)
[1935408.767639] SELinux: mount invalid.  Same superblock, different security settings for (dev mqueue, type mqueue)
[1995889.789214] SELinux: mount invalid.  Same superblock, different security settings for (dev mqueue, type mqueue)
[2056370.733259] SELinux: mount invalid.  Same superblock, different security settings for (dev mqueue, type mqueue)
[    0.000000] Linux version 5.18.1-1.el7.elrepo.x86_64 (mockbuild@Build64R7) (gcc (GCC) 9.3.1 20200408 (Red Hat 9.3.1-2), GNU ld version 2.32-16.el7) #1 SMP PREEMPT_DYNAMIC Fri May 27 18:15:58 EDT 2022
[    0.000000] Command line: BOOT_IMAGE=/vmlinuz-5.18.1-1.el7.elrepo.x86_64 root=/dev/mapper/centos-root ro crashkernel=auto rd.lvm.lv=centos/root rd.lvm.lv=centos/swap rhgb quiet LANG=en_US.UTF-8
[    0.000000] x86/fpu: x87 FPU will use FXSAVE
[    0.000000] signal: max sigframe size: 1440
[    0.000000] BIOS-provided physical RAM map:
[    0.000000] BIOS-e820: [mem 0x0000000000000000-0x000000000009fbff] usable
[    0.000000] BIOS-e820: [mem 0x000000000009fc00-0x000000000009ffff] reserved
[    0.000000] BIOS-e820: [mem 0x00000000000f0000-0x00000000000fffff] reserved
[    0.000000] BIOS-e820: [mem 0x0000000000100000-0x00000000bffdafff] usable
[    0.000000] BIOS-e820: [mem 0x00000000bffdb000-0x00000000bfffffff] reserved
[    0.000000] BIOS-e820: [mem 0x00000000feffc000-0x00000000feffffff] reserved
[    0.000000] BIOS-e820: [mem 0x00000000fffc0000-0x00000000ffffffff] reserved
[    0.000000] BIOS-e820: [mem 0x0000000100000000-0x000000013fffffff] usable
[    0.000000] NX (Execute Disable) protection: active
[    0.000000] SMBIOS 2.8 present.
[    0.000000] DMI: QEMU Standard PC (i440FX + PIIX, 1996), BIOS rel-1.12.1-0-ga5cab58e9a3f-prebuilt.qemu.org 04/01/2014
[    0.000000] Hypervisor detected: KVM
[    0.000000] kvm-clock: Using msrs 4b564d01 and 4b564d00
[    0.000001] kvm-clock: using sched offset of 3377648590502163 cycles
[    0.000003] clocksource: kvm-clock: mask: 0xffffffffffffffff max_cycles: 0x1cd42e4dffb, max_idle_ns: 881590591483 ns
[    0.000011] tsc: Detected 2599.996 MHz processor
[    0.000600] e820: update [mem 0x00000000-0x00000fff] usable ==> reserved
[    0.000604] e820: remove [mem 0x000a0000-0x000fffff] usable
[    0.000608] last_pfn = 0x140000 max_arch_pfn = 0x400000000
[    0.000640] x86/PAT: Configuration [0-7]: WB  WC  UC- UC  WB  WC  UC- UC  
[    0.000648] last_pfn = 0xbffdb max_arch_pfn = 0x400000000
[    0.011555] found SMP MP-table at [mem 0x000f5ac0-0x000f5acf]
[    0.011800] RAMDISK: [mem 0x354dc000-0x36a65fff]
[    0.011829] ACPI: Early table checksum verification disabled
[    0.011850] ACPI: RSDP 0x00000000000F5880 000014 (v00 BOCHS )
[    0.011861] ACPI: RSDT 0x00000000BFFE1719 000034 (v01 BOCHS  BXPCRSDT 00000001 BXPC 00000001)
[    0.011868] ACPI: FACP 0x00000000BFFE14F3 000074 (v01 BOCHS  BXPCFACP 00000001 BXPC 00000001)
[    0.011882] ACPI: DSDT 0x00000000BFFDF040 0024B3 (v01 BOCHS  BXPCDSDT 00000001 BXPC 00000001)
[    0.011887] ACPI: FACS 0x00000000BFFDF000 000040
[    0.011891] ACPI: APIC 0x00000000BFFE1567 0000B0 (v01 BOCHS  BXPCAPIC 00000001 BXPC 00000001)
[    0.011896] ACPI: SSDT 0x00000000BFFE1617 0000CA (v01 BOCHS  VMGENID  00000001 BXPC 00000001)
[    0.011900] ACPI: HPET 0x00000000BFFE16E1 000038 (v01 BOCHS  BXPCHPET 00000001 BXPC 00000001)
[    0.011903] ACPI: Reserving FACP table memory at [mem 0xbffe14f3-0xbffe1566]
[    0.011905] ACPI: Reserving DSDT table memory at [mem 0xbffdf040-0xbffe14f2]
[    0.011906] ACPI: Reserving FACS table memory at [mem 0xbffdf000-0xbffdf03f]
[    0.011907] ACPI: Reserving APIC table memory at [mem 0xbffe1567-0xbffe1616]
[    0.011908] ACPI: Reserving SSDT table memory at [mem 0xbffe1617-0xbffe16e0]
[    0.011909] ACPI: Reserving HPET table memory at [mem 0xbffe16e1-0xbffe1718]
[    0.012171] No NUMA configuration found
[    0.012173] Faking a node at [mem 0x0000000000000000-0x000000013fffffff]
[    0.012181] NODE_DATA(0) allocated [mem 0x13ffd2000-0x13fffcfff]
[    0.012526] crashkernel: memory value expected
[    0.012567] Zone ranges:
[    0.012573]   DMA      [mem 0x0000000000001000-0x0000000000ffffff]
[    0.012575]   DMA32    [mem 0x0000000001000000-0x00000000ffffffff]
[    0.012577]   Normal   [mem 0x0000000100000000-0x000000013fffffff]
[    0.012578]   Device   empty
[    0.012579] Movable zone start for each node
[    0.012582] Early memory node ranges
[    0.012583]   node   0: [mem 0x0000000000001000-0x000000000009efff]
[    0.012585]   node   0: [mem 0x0000000000100000-0x00000000bffdafff]
[    0.012586]   node   0: [mem 0x0000000100000000-0x000000013fffffff]
[    0.012588] Initmem setup node 0 [mem 0x0000000000001000-0x000000013fffffff]
[    0.012597] On node 0, zone DMA: 1 pages in unavailable ranges
[    0.012697] On node 0, zone DMA: 97 pages in unavailable ranges
[    0.036044] On node 0, zone Normal: 37 pages in unavailable ranges
[    0.036612] ACPI: PM-Timer IO Port: 0x608
[    0.036635] ACPI: LAPIC_NMI (acpi_id[0xff] dfl dfl lint[0x1])
[    0.036676] IOAPIC[0]: apic_id 0, version 17, address 0xfec00000, GSI 0-23
[    0.036681] ACPI: INT_SRC_OVR (bus 0 bus_irq 0 global_irq 2 dfl dfl)
[    0.036683] ACPI: INT_SRC_OVR (bus 0 bus_irq 5 global_irq 5 high level)
[    0.036690] ACPI: INT_SRC_OVR (bus 0 bus_irq 9 global_irq 9 high level)
[    0.036694] ACPI: INT_SRC_OVR (bus 0 bus_irq 10 global_irq 10 high level)
[    0.036696] ACPI: INT_SRC_OVR (bus 0 bus_irq 11 global_irq 11 high level)
[    0.036700] ACPI: Using ACPI (MADT) for SMP configuration information
[    0.036702] ACPI: HPET id: 0x8086a201 base: 0xfed00000
[    0.036709] smpboot: Allowing 8 CPUs, 0 hotplug CPUs
[    0.036747] PM: hibernation: Registered nosave memory: [mem 0x00000000-0x00000fff]
[    0.036750] PM: hibernation: Registered nosave memory: [mem 0x0009f000-0x0009ffff]
[    0.036753] PM: hibernation: Registered nosave memory: [mem 0x000a0000-0x000effff]
[    0.036754] PM: hibernation: Registered nosave memory: [mem 0x000f0000-0x000fffff]
[    0.036755] PM: hibernation: Registered nosave memory: [mem 0xbffdb000-0xbfffffff]
[    0.036756] PM: hibernation: Registered nosave memory: [mem 0xc0000000-0xfeffbfff]
[    0.036757] PM: hibernation: Registered nosave memory: [mem 0xfeffc000-0xfeffffff]
[    0.036758] PM: hibernation: Registered nosave memory: [mem 0xff000000-0xfffbffff]
[    0.036759] PM: hibernation: Registered nosave memory: [mem 0xfffc0000-0xffffffff]
[    0.036761] [mem 0xc0000000-0xfeffbfff] available for PCI devices
[    0.036762] Booting paravirtualized kernel on KVM
[    0.036765] clocksource: refined-jiffies: mask: 0xffffffff max_cycles: 0xffffffff, max_idle_ns: 1910969940391419 ns
[    0.036774] setup_percpu: NR_CPUS:8192 nr_cpumask_bits:8 nr_cpu_ids:8 nr_node_ids:1
[    0.037236] percpu: Embedded 56 pages/cpu s188520 r8192 d32664 u262144
[    0.037241] pcpu-alloc: s188520 r8192 d32664 u262144 alloc=1*2097152
[    0.037244] pcpu-alloc: [0] 0 1 2 3 4 5 6 7 
[    0.037275] kvm-guest: PV spinlocks enabled
[    0.037278] PV qspinlock hash table entries: 256 (order: 0, 4096 bytes, linear)
[    0.037288] Fallback order for Node 0: 0 
[    0.037293] Built 1 zonelists, mobility grouping on.  Total pages: 1031899
[    0.037294] Policy zone: Normal
[    0.037295] Kernel command line: BOOT_IMAGE=/vmlinuz-5.18.1-1.el7.elrepo.x86_64 root=/dev/mapper/centos-root ro crashkernel=auto rd.lvm.lv=centos/root rd.lvm.lv=centos/swap rhgb quiet LANG=en_US.UTF-8
[    0.037512] Unknown kernel command line parameters "rhgb BOOT_IMAGE=/vmlinuz-5.18.1-1.el7.elrepo.x86_64 LANG=en_US.UTF-8", will be passed to user space.
[    0.039569] Dentry cache hash table entries: 524288 (order: 10, 4194304 bytes, linear)
[    0.040624] Inode-cache hash table entries: 262144 (order: 9, 2097152 bytes, linear)
[    0.040801] mem auto-init: stack:off, heap alloc:off, heap free:off
[    0.137150] Memory: 3997980K/4193764K available (14342K kernel code, 4222K rwdata, 4784K rodata, 2476K init, 3412K bss, 195524K reserved, 0K cma-reserved)
[    0.137244] SLUB: HWalign=64, Order=0-3, MinObjects=0, CPUs=8, Nodes=1
[    0.137265] Kernel/User page tables isolation: enabled
[    0.137296] ftrace: allocating 43314 entries in 170 pages
[    0.146421] ftrace: allocated 170 pages with 4 groups
[    0.147179] Dynamic Preempt: voluntary
[    0.147266] rcu: Preemptible hierarchical RCU implementation.
[    0.147267] rcu: 	RCU restricting CPUs from NR_CPUS=8192 to nr_cpu_ids=8.
[    0.147269] 	Trampoline variant of Tasks RCU enabled.
[    0.147269] 	Rude variant of Tasks RCU enabled.
[    0.147270] 	Tracing variant of Tasks RCU enabled.
[    0.147271] rcu: RCU calculated value of scheduler-enlistment delay is 100 jiffies.
[    0.147272] rcu: Adjusting geometry for rcu_fanout_leaf=16, nr_cpu_ids=8
[    0.151305] NR_IRQS: 524544, nr_irqs: 488, preallocated irqs: 16
[    0.166916] Console: colour VGA+ 80x25
[    0.166927] printk: console [tty0] enabled
[    0.166962] ACPI: Core revision 20211217
[    0.167165] clocksource: hpet: mask: 0xffffffff max_cycles: 0xffffffff, max_idle_ns: 19112604467 ns
[    0.167277] APIC: Switch to symmetric I/O mode setup
[    0.167548] x2apic enabled
[    0.167848] Switched APIC routing to physical x2apic.
[    0.169057] ..TIMER: vector=0x30 apic1=0 pin1=2 apic2=-1 pin2=-1
[    0.169089] clocksource: tsc-early: mask: 0xffffffffffffffff max_cycles: 0x257a386c905, max_idle_ns: 440795250529 ns
[    0.169101] Calibrating delay loop (skipped) preset value.. 5199.99 BogoMIPS (lpj=2599996)
[    0.169104] pid_max: default: 32768 minimum: 301
[    0.169124] LSM: Security Framework initializing
[    0.169131] SELinux:  Initializing.
[    0.169246] Mount-cache hash table entries: 8192 (order: 4, 65536 bytes, linear)
[    0.170110] Mountpoint-cache hash table entries: 8192 (order: 4, 65536 bytes, linear)
[    0.170564] Last level iTLB entries: 4KB 0, 2MB 0, 4MB 0
[    0.170566] Last level dTLB entries: 4KB 0, 2MB 0, 4MB 0, 1GB 0
[    0.170570] Spectre V1 : Mitigation: usercopy/swapgs barriers and __user pointer sanitization
[    0.170572] Spectre V2 : Mitigation: Retpolines
[    0.170573] Spectre V2 : Spectre v2 / SpectreRSB mitigation: Filling RSB on context switch
[    0.170574] Speculative Store Bypass: Vulnerable
[    0.170577] MDS: Vulnerable: Clear CPU buffers attempted, no microcode
[    0.172989] Freeing SMP alternatives memory: 36K
[    0.275246] smpboot: CPU0: Intel Common KVM processor (family: 0xf, model: 0x6, stepping: 0x1)
[    0.275622] cblist_init_generic: Setting adjustable number of callback queues.
[    0.275625] cblist_init_generic: Setting shift to 3 and lim to 1.
[    0.275679] cblist_init_generic: Setting shift to 3 and lim to 1.
[    0.275729] cblist_init_generic: Setting shift to 3 and lim to 1.
[    0.275765] Performance Events: unsupported Netburst CPU model 6 no PMU driver, software events only.
[    0.275849] rcu: Hierarchical SRCU implementation.
[    0.276219] NMI watchdog: Perf NMI watchdog permanently disabled
[    0.276499] smp: Bringing up secondary CPUs ...
[    0.276745] x86: Booting SMP configuration:
[    0.276747] .... node  #0, CPUs:      #1 #2 #3 #4
[    0.017589] smpboot: CPU 4 Converting physical 0 to logical die 1
[    0.326372]  #5 #6 #7
[    0.363205] smp: Brought up 1 node, 8 CPUs
[    0.363209] smpboot: Max logical packages: 2
[    0.363211] smpboot: Total of 8 processors activated (41599.93 BogoMIPS)
[    0.364474] devtmpfs: initialized
[    0.364474] x86/mm: Memory block size: 128MB
[    0.365315] clocksource: jiffies: mask: 0xffffffff max_cycles: 0xffffffff, max_idle_ns: 1911260446275000 ns
[    0.365315] futex hash table entries: 2048 (order: 5, 131072 bytes, linear)
[    0.365395] pinctrl core: initialized pinctrl subsystem
[    0.366183] NET: Registered PF_NETLINK/PF_ROUTE protocol family
[    0.366292] audit: initializing netlink subsys (disabled)
[    0.366343] audit: type=2000 audit(1653897722.290:1): state=initialized audit_enabled=0 res=1
[    0.366343] thermal_sys: Registered thermal governor 'fair_share'
[    0.366343] thermal_sys: Registered thermal governor 'bang_bang'
[    0.366343] thermal_sys: Registered thermal governor 'step_wise'
[    0.366343] thermal_sys: Registered thermal governor 'user_space'
[    0.366348] cpuidle: using governor menu
[    0.366348] acpiphp: ACPI Hot Plug PCI Controller Driver version: 0.5
[    0.371139] PCI: Using configuration type 1 for base access
[    0.372657] kprobes: kprobe jump-optimization is enabled. All kprobes are optimized if possible.
[    0.373260] HugeTLB registered 2.00 MiB page size, pre-allocated 0 pages
[    0.374353] ACPI: Added _OSI(Module Device)
[    0.374355] ACPI: Added _OSI(Processor Device)
[    0.374356] ACPI: Added _OSI(3.0 _SCP Extensions)
[    0.374357] ACPI: Added _OSI(Processor Aggregator Device)
[    0.374358] ACPI: Added _OSI(Linux-Dell-Video)
[    0.374359] ACPI: Added _OSI(Linux-Lenovo-NV-HDMI-Audio)
[    0.374362] ACPI: Added _OSI(Linux-HPI-Hybrid-Graphics)
[    0.374560] ACPI: 2 ACPI AML tables successfully acquired and loaded
[    0.375315] ACPI: Interpreter enabled
[    0.375328] ACPI: PM: (supports S0 S3 S4 S5)
[    0.375329] ACPI: Using IOAPIC for interrupt routing
[    0.375350] PCI: Using host bridge windows from ACPI; if necessary, use "pci=nocrs" and report a bug
[    0.375510] ACPI: Enabled 3 GPEs in block 00 to 0F
[    0.380100] ACPI: PCI Root Bridge [PCI0] (domain 0000 [bus 00-ff])
[    0.380100] acpi PNP0A03:00: _OSC: OS supports [ASPM ClockPM Segments MSI HPX-Type3]
[    0.380100] acpi PNP0A03:00: _OSC: not requesting OS control; OS requires [ExtendedConfig ASPM ClockPM MSI]
[    0.380100] acpi PNP0A03:00: fail to add MMCONFIG information, can't access extended PCI configuration space under this bridge.
[    0.380110] acpiphp: Slot [3] registered
[    0.380127] acpiphp: Slot [4] registered
[    0.380142] acpiphp: Slot [5] registered
[    0.380158] acpiphp: Slot [6] registered
[    0.380172] acpiphp: Slot [7] registered
[    0.380195] acpiphp: Slot [8] registered
[    0.380211] acpiphp: Slot [9] registered
[    0.380226] acpiphp: Slot [10] registered
[    0.380247] acpiphp: Slot [11] registered
[    0.380263] acpiphp: Slot [12] registered
[    0.380285] acpiphp: Slot [13] registered
[    0.380308] acpiphp: Slot [14] registered
[    0.380333] acpiphp: Slot [15] registered
[    0.380348] acpiphp: Slot [16] registered
[    0.380363] acpiphp: Slot [17] registered
[    0.380378] acpiphp: Slot [18] registered
[    0.380393] acpiphp: Slot [19] registered
[    0.380407] acpiphp: Slot [20] registered
[    0.380427] acpiphp: Slot [21] registered
[    0.380443] acpiphp: Slot [22] registered
[    0.380464] acpiphp: Slot [23] registered
[    0.380479] acpiphp: Slot [24] registered
[    0.380494] acpiphp: Slot [25] registered
[    0.380509] acpiphp: Slot [26] registered
[    0.380529] acpiphp: Slot [27] registered
[    0.380545] acpiphp: Slot [28] registered
[    0.380560] acpiphp: Slot [29] registered
[    0.380588] PCI host bridge to bus 0000:00
[    0.380590] pci_bus 0000:00: root bus resource [io  0x0000-0x0cf7 window]
[    0.380595] pci_bus 0000:00: root bus resource [io  0x0d00-0xffff window]
[    0.380597] pci_bus 0000:00: root bus resource [mem 0x000a0000-0x000bffff window]
[    0.380598] pci_bus 0000:00: root bus resource [mem 0xc0000000-0xfebfffff window]
[    0.380600] pci_bus 0000:00: root bus resource [mem 0x140000000-0x1bfffffff window]
[    0.380602] pci_bus 0000:00: root bus resource [bus 00-ff]
[    0.380637] pci 0000:00:00.0: [8086:1237] type 00 class 0x060000
[    0.380960] pci 0000:00:01.0: [8086:7000] type 00 class 0x060100
[    0.382100] pci 0000:00:01.1: [8086:7010] type 00 class 0x010180
[    0.383530] pci 0000:00:01.1: reg 0x20: [io  0xe080-0xe08f]
[    0.384339] pci 0000:00:01.1: legacy IDE quirk: reg 0x10: [io  0x01f0-0x01f7]
[    0.384342] pci 0000:00:01.1: legacy IDE quirk: reg 0x14: [io  0x03f6]
[    0.384343] pci 0000:00:01.1: legacy IDE quirk: reg 0x18: [io  0x0170-0x0177]
[    0.384344] pci 0000:00:01.1: legacy IDE quirk: reg 0x1c: [io  0x0376]
[    0.384458] pci 0000:00:01.2: [8086:7020] type 00 class 0x0c0300
[    0.386563] pci 0000:00:01.2: reg 0x20: [io  0xe040-0xe05f]
[    0.388337] pci 0000:00:01.3: [8086:7113] type 00 class 0x068000
[    0.388624] pci 0000:00:01.3: quirk: [io  0x0600-0x063f] claimed by PIIX4 ACPI
[    0.388632] pci 0000:00:01.3: quirk: [io  0x0700-0x070f] claimed by PIIX4 SMB
[    0.388824] pci 0000:00:02.0: [1234:1111] type 00 class 0x030000
[    0.396131] pci 0000:00:02.0: reg 0x10: [mem 0xfd000000-0xfdffffff pref]
[    0.398685] pci 0000:00:02.0: reg 0x18: [mem 0xfea50000-0xfea50fff]
[    0.403131] pci 0000:00:02.0: reg 0x30: [mem 0xfea40000-0xfea4ffff pref]
[    0.403292] pci 0000:00:02.0: Video device with shadowed ROM at [mem 0x000c0000-0x000dffff]
[    0.403736] pci 0000:00:05.0: [1af4:1004] type 00 class 0x010000
[    0.405100] pci 0000:00:05.0: reg 0x10: [io  0xe000-0xe03f]
[    0.407602] pci 0000:00:05.0: reg 0x14: [mem 0xfea51000-0xfea51fff]
[    0.410099] pci 0000:00:05.0: reg 0x20: [mem 0xfe400000-0xfe403fff 64bit pref]
[    0.411622] pci 0000:00:12.0: [1af4:1000] type 00 class 0x020000
